<html>
<body>
<pre>
<h1>µVision Build Log</h1>
<h2>Tool Versions:</h2>
IDE-Version: ¦ÌVision V5.30.0.0
Copyright (C) 2020 ARM Ltd and ARM Germany GmbH. All rights reserved.
License Information: xg Administrator, xg, LIC=NHYHL-04UKU-ZEIH2-94J2N-K3DT0-00MNZ
 
Tool Versions:
Toolchain:       MDK-ARM Professional  Version: 5.30.0.0
Toolchain Path:  C:\Keil_v5\ARM\ARMCC\Bin
C Compiler:      Armcc.exe V5.06 update 6 (build 750)
Assembler:       Armasm.exe V5.06 update 6 (build 750)
Linker/Locator:  ArmLink.exe V5.06 update 6 (build 750)
Library Manager: ArmAr.exe V5.06 update 6 (build 750)
Hex Converter:   FromElf.exe V5.06 update 6 (build 750)
CPU DLL:         SARMCM3.DLL V5.30.0.0
Dialog DLL:      DCM.DLL V1.17.3.0
Target DLL:      STLink\ST-LINKIII-KEIL_SWO.dll V3.0.7.0
Dialog DLL:      TCM.DLL V1.42.0.0
 
<h2>Project:</h2>
Q:\XG20200921\ZCJ_development\NRF24L01_group_control\program\main_screen\TorchSensor.uvprojx
Project File Date:  10/09/2021

<h2>Output:</h2>
*** Using Compiler 'V5.06 update 6 (build 750)', folder: 'C:\Keil_v5\ARM\ARMCC\Bin'
Rebuild target 'Target 1'
compiling delay.c...
compiling spi.c...
compiling usart.c...
compiling timer.c...
compiling stmflash.c...
HARDWARE\FLASH\stmflash.c(210): warning:  #550-D: variable "addrx"  was set but never used
  	u32 addrx=0;
HARDWARE\FLASH\stmflash.c: 1 warning, 0 errors
compiling sys.c...
compiling 24l01.c...
HARDWARE\NRF24L01\24l01.c(229): warning:  #177-D: variable "sta"  was declared but never referenced
  	 u8 sta;
HARDWARE\NRF24L01\24l01.c: 1 warning, 0 errors
compiling TaskMgr.c...
USER\TaskMgr\TaskMgr.c(294): warning:  #177-D: function "Timer0_Task2"  was declared but never referenced
  static void Timer0_Task2(void)   //2ms
USER\TaskMgr\TaskMgr.c(299): warning:  #177-D: function "Timer0_Task3"  was declared but never referenced
  static void Timer0_Task3(void)   //2ms
USER\TaskMgr\TaskMgr.c(304): warning:  #177-D: function "Timer0_Task4"  was declared but never referenced
  static void Timer0_Task4(void)   //2ms
USER\TaskMgr\TaskMgr.c: 3 warnings, 0 errors
compiling UAPP_Comm.c...
USER\APP\UAPP_Comm.c(89): warning:  #177-D: variable "cnt"  was declared but never referenced
     u8 TmpDbuf[32]={0},cnt,len=0x05; u32 Checksum;
USER\APP\UAPP_Comm.c(129): warning:  #177-D: variable "cnt"  was declared but never referenced
  		 u8 TmpDbuf[32]={0},cnt,len=0x04; u32 Checksum;
USER\APP\UAPP_Comm.c(212): warning:  #550-D: variable "AckResult"  was set but never used
     u8 Addr,CMD,CMDack,AckResult,Ackflag=0;
USER\APP\UAPP_Comm.c: 3 warnings, 0 errors
compiling main.c...
compiling UAPP_CAN.c...
USER\APP\UAPP_CAN.c(34): warning:  #177-D: function "_CommWatchDog_TASK"  was declared but never referenced
  static void _CommWatchDog_TASK(void)
USER\APP\UAPP_CAN.c(43): warning:  #177-D: function "_CommWatchDog_Feed"  was declared but never referenced
  static void _CommWatchDog_Feed(void)
USER\APP\UAPP_CAN.c: 2 warnings, 0 errors
compiling BayesFunctions.c...
compiling BasicMathFunctions.c...
compiling ComplexMathFunctions.c...
compiling ControllerFunctions.c...
compiling FastMathFunctions.c...
compiling DistanceFunctions.c...
compiling MatrixFunctions.c...
compiling SVMFunctions.c...
compiling CommonTables.c...
assembling startup_stm32f10x_hd.s...
compiling StatisticsFunctions.c...
compiling SupportFunctions.c...
compiling system_stm32f10x.c...
compiling FilteringFunctions.c...
compiling TransformFunctions.c...
linking...
Program Size: Code=9736 RO-data=336 RW-data=64 ZI-data=16456  
FromELF: creating hex file...
After Build - User command #1: fromelf.exe --bin -o "Q:\XG20200921\ZCJ_development\NRF24L01_group_control\program\main_screen\OUTPUT\NRF24L01_screen.bin" "Q:\XG20200921\ZCJ_development\NRF24L01_group_control\program\main_screen\OUTPUT\NRF24L01_screen.axf"
".\OUTPUT\NRF24L01_screen.axf" - 0 Error(s), 10 Warning(s).

<h2>Software Packages used:</h2>

Package Vendor: ARM
                http://www.keil.com/pack/ARM.CMSIS.5.7.0.pack
                ARM.CMSIS.5.7.0
                CMSIS (Cortex Microcontroller Software Interface Standard)
   * Component: CORE Version: 5.4.0
   * Component: DSP Variant: Source Version: 1.8.0

Package Vendor: Keil
                http://www.keil.com/pack/Keil.STM32F1xx_DFP.1.0.5.pack
                Keil.STM32F1xx_DFP.1.0.5
                STMicroelectronics STM32F1 Series Device Support, Drivers and Examples
   * Component: Startup Version: 1.0.0

<h2>Collection of Component include folders:</h2>
  .\RTE\Device\STM32F103VC
  .\RTE\_Target_1
  C:\Keil_v5\ARM\PACK\ARM\CMSIS\5.7.0\CMSIS\Core\Include
  C:\Keil_v5\ARM\PACK\ARM\CMSIS\5.7.0\CMSIS\DSP\Include
  C:\Keil_v5\ARM\PACK\ARM\CMSIS\5.7.0\CMSIS\DSP\PrivateInclude
  C:\Keil_v5\ARM\PACK\Keil\STM32F1xx_DFP\1.0.5\Device\Include

<h2>Collection of Component Files used:</h2>

   * Component: ARM::CMSIS:CORE:5.4.0

   * Component: ARM::CMSIS:DSP:Source:1.8.0
      Source file:   CMSIS\DSP\Source\FastMathFunctions\FastMathFunctions.c
      Source file:   CMSIS\DSP\Source\BayesFunctions\BayesFunctions.c
      Source file:   CMSIS\DSP\Source\MatrixFunctions\MatrixFunctions.c
      Source file:   CMSIS\DSP\Source\BasicMathFunctions\BasicMathFunctions.c
      Source file:   CMSIS\DSP\Source\StatisticsFunctions\StatisticsFunctions.c
      Source file:   CMSIS\DSP\Source\SupportFunctions\SupportFunctions.c
      Source file:   CMSIS\DSP\Source\DistanceFunctions\DistanceFunctions.c
      Source file:   CMSIS\DSP\Source\CommonTables\CommonTables.c
      Source file:   CMSIS\DSP\Source\SVMFunctions\SVMFunctions.c
      Include file:  CMSIS\DSP\Include\arm_math.h
      Source file:   CMSIS\DSP\Source\FilteringFunctions\FilteringFunctions.c
      Source file:   CMSIS\DSP\Source\ComplexMathFunctions\ComplexMathFunctions.c
      Source file:   CMSIS\DSP\Source\ControllerFunctions\ControllerFunctions.c
      Source file:   CMSIS\DSP\Source\TransformFunctions\TransformFunctions.c

   * Component: Keil::Device:Startup:1.0.0
      Source file:   Device\Source\ARM\STM32F1xx_OPT.s
      Source file:   Device\Source\ARM\startup_stm32f10x_hd.s
      Include file:  RTE_Driver\Config\RTE_Device.h
      Source file:   Device\Source\system_stm32f10x.c
Build Time Elapsed:  00:00:05
</pre>
</body>
</html>
