Component: ARM Compiler 5.06 update 6 (build 750) Tool: armlink [4d35ed]

==============================================================================

Section Cross References

    delay.o(.text) refers to delay.o(.data) for fac_us
    sys.o(.text) refers to sys.o(.emb_text) for WFI_SET
    usart.o(.text) refers to rt_memcpy_v6.o(.text) for __aeabi_memcpy
    usart.o(.text) refers to rt_memclr.o(.text) for __aeabi_memclr
    usart.o(.text) refers to timer.o(.text) for TIM4_Clear
    usart.o(.text) refers to fflt_clz.o(x$fpl$ffltu) for __aeabi_ui2f
    usart.o(.text) refers to fdiv.o(x$fpl$fdiv) for __aeabi_fdiv
    usart.o(.text) refers to ffixu.o(x$fpl$ffixu) for __aeabi_f2uiz
    usart.o(.text) refers to faddsub_clz.o(x$fpl$frsb) for __aeabi_frsub
    usart.o(.text) refers to fmul.o(x$fpl$fmul) for __aeabi_fmul
    usart.o(.text) refers to sys.o(.text) for MY_NVIC_Init
    usart.o(.text) refers to usart.o(.bss) for U1ReceiveBuf
    timer.o(.text) refers to sys.o(.text) for MY_NVIC_Init
    timer.o(.text) refers to taskmgr.o(.text) for Timer0_IsrHandler
    timer.o(.text) refers to usart.o(.text) for USART1_FrameEND
    24l01.o(.text) refers to spi.o(.text) for SPI2_ReadWriteByte
    24l01.o(.text) refers to rt_memclr_w.o(.text) for __aeabi_memclr4
    24l01.o(.text) refers to delay.o(.text) for delay_us
    24l01.o(.text) refers to rt_memcpy_v6.o(.text) for __aeabi_memcpy
    24l01.o(.text) refers to 24l01.o(.bss) for Rf24l01Para
    24l01.o(.text) refers to sys.o(.text) for Ex_NVIC_Config
    24l01.o(.text) refers to llsdiv.o(.text) for __aeabi_ldivmod
    stmflash.o(.text) refers to delay.o(.text) for delay_us
    stmflash.o(.text) refers to stmflash.o(.bss) for STMFLASH_BUF
    taskmgr.o(.text) refers to timer.o(.text) for TIM2_Int_Init
    taskmgr.o(.text) refers to uapp_can.o(.text) for _CAN_TASK250ms
    taskmgr.o(.text) refers to uapp_comm.o(.text) for _Comm_TASK1ms
    taskmgr.o(.text) refers to 24l01.o(.text) for NRF24L01_TASK1MS
    taskmgr.o(.text) refers to taskmgr.o(.data) for SysTimer
    taskmgr.o(.text) refers to taskmgr.o(.bss) for Usertimer
    main.o(.text) refers to sys.o(.text) for Stm32_Clock_Init
    main.o(.text) refers to delay.o(.text) for delay_init
    main.o(.text) refers to usart.o(.text) for uart_init
    main.o(.text) refers to timer.o(.text) for TIM2_Int_Init
    main.o(.text) refers to taskmgr.o(.text) for SysTask_Create
    main.o(.text) refers to uapp_comm.o(.text) for _UAPP_Comm_INIT
    uapp_comm.o(.text) refers to rt_memclr_w.o(.text) for __aeabi_memclr4
    uapp_comm.o(.text) refers to stmflash.o(.text) for STMFLASH_Write
    uapp_comm.o(.text) refers to 24l01.o(.text) for NRF24L01_ModifyRxAddr
    uapp_comm.o(.text) refers to uapp_comm.o(.bss) for ConnCtrl
    uapp_comm.o(.text) refers to taskmgr.o(.data) for CpuTimer0
    uapp_can.o(.text) refers to 24l01.o(.text) for NRF24L01_ModifyDevID
    uapp_can.o(.text) refers to stmflash.o(.text) for STMFLASH_Write
    uapp_can.o(.text) refers to uapp_comm.o(.bss) for MEM_Databuf
    uapp_can.o(.text) refers to uapp_can.o(.data) for CanStatus
    basicmathfunctions.o(.text) refers to faddsub_clz.o(x$fpl$fadd) for __aeabi_fadd
    basicmathfunctions.o(.text) refers to fmul.o(x$fpl$fmul) for __aeabi_fmul
    basicmathfunctions.o(.text) refers to llshl.o(.text) for __aeabi_llsl
    basicmathfunctions.o(.text) refers to faddsub_clz.o(x$fpl$fsub) for __aeabi_fsub
    bayesfunctions.o(.text) refers to faddsub_clz.o(x$fpl$fadd) for __aeabi_fadd
    bayesfunctions.o(.text) refers to fmul.o(x$fpl$fmul) for __aeabi_fmul
    bayesfunctions.o(.text) refers to logf.o(i.logf) for logf
    bayesfunctions.o(.text) refers to faddsub_clz.o(x$fpl$fsub) for __aeabi_fsub
    bayesfunctions.o(.text) refers to fdiv.o(x$fpl$fdiv) for __aeabi_fdiv
    bayesfunctions.o(.text) refers to faddsub_clz.o(x$fpl$frsb) for __aeabi_frsub
    bayesfunctions.o(.text) refers to statisticsfunctions.o(.text) for arm_max_f32
    complexmathfunctions.o(.text) refers to fmul.o(x$fpl$fmul) for __aeabi_fmul
    complexmathfunctions.o(.text) refers to faddsub_clz.o(x$fpl$fadd) for __aeabi_fadd
    complexmathfunctions.o(.text) refers to faddsub_clz.o(x$fpl$frsb) for __aeabi_frsub
    complexmathfunctions.o(.text) refers to frleqf.o(x$fpl$frleqf) for __aeabi_cfrcmple
    complexmathfunctions.o(.text) refers to sqrtf.o(i.sqrtf) for sqrtf
    complexmathfunctions.o(.text) refers to fastmathfunctions.o(.text) for arm_sqrt_q15
    complexmathfunctions.o(.text) refers to faddsub_clz.o(x$fpl$fsub) for __aeabi_fsub
    controllerfunctions.o(.text) refers to faddsub_clz.o(x$fpl$fadd) for __aeabi_fadd
    controllerfunctions.o(.text) refers to fmul.o(x$fpl$fmul) for __aeabi_fmul
    controllerfunctions.o(.text) refers to faddsub_clz.o(x$fpl$fsub) for __aeabi_fsub
    controllerfunctions.o(.text) refers to fleqf.o(x$fpl$fleqf) for __aeabi_cfcmple
[...]
    libinit.o(.ARM.Collect$$libinit$$00000000) refers (Special) to libinit2.o(.ARM.Collect$$libinit$$0000002E) for __rt_lib_init_alloca_1
    libinit.o(.ARM.Collect$$libinit$$00000000) refers (Special) to libinit2.o(.ARM.Collect$$libinit$$0000002C) for __rt_lib_init_argv_1
    libinit.o(.ARM.Collect$$libinit$$00000000) refers (Special) to libinit2.o(.ARM.Collect$$libinit$$0000001B) for __rt_lib_init_atexit_1
    libinit.o(.ARM.Collect$$libinit$$00000000) refers (Special) to libinit2.o(.ARM.Collect$$libinit$$00000021) for __rt_lib_init_clock_1
    libinit.o(.ARM.Collect$$libinit$$00000000) refers (Special) to libinit2.o(.ARM.Collect$$libinit$$00000032) for __rt_lib_init_cpp_1
    libinit.o(.ARM.Collect$$libinit$$00000000) refers (Special) to libinit2.o(.ARM.Collect$$libinit$$00000030) for __rt_lib_init_exceptions_1
    libinit.o(.ARM.Collect$$libinit$$00000000) refers (Special) to libinit2.o(.ARM.Collect$$libinit$$00000002) for __rt_lib_init_fp_1
    libinit.o(.ARM.Collect$$libinit$$00000000) refers (Special) to libinit2.o(.ARM.Collect$$libinit$$0000001F) for __rt_lib_init_fp_trap_1
    libinit.o(.ARM.Collect$$libinit$$00000000) refers (Special) to libinit2.o(.ARM.Collect$$libinit$$00000023) for __rt_lib_init_getenv_1
    libinit.o(.ARM.Collect$$libinit$$00000000) refers (Special) to libinit2.o(.ARM.Collect$$libinit$$0000000A) for __rt_lib_init_heap_1
    libinit.o(.ARM.Collect$$libinit$$00000000) refers (Special) to libinit2.o(.ARM.Collect$$libinit$$00000011) for __rt_lib_init_lc_collate_1
    libinit.o(.ARM.Collect$$libinit$$00000000) refers (Special) to libinit2.o(.ARM.Collect$$libinit$$00000013) for __rt_lib_init_lc_ctype_1
    libinit.o(.ARM.Collect$$libinit$$00000000) refers (Special) to libinit2.o(.ARM.Collect$$libinit$$00000015) for __rt_lib_init_lc_monetary_1
    libinit.o(.ARM.Collect$$libinit$$00000000) refers (Special) to libinit2.o(.ARM.Collect$$libinit$$00000017) for __rt_lib_init_lc_numeric_1
    libinit.o(.ARM.Collect$$libinit$$00000000) refers (Special) to libinit2.o(.ARM.Collect$$libinit$$00000019) for __rt_lib_init_lc_time_1
    libinit.o(.ARM.Collect$$libinit$$00000000) refers (Special) to libinit2.o(.ARM.Collect$$libinit$$00000004) for __rt_lib_init_preinit_1
    libinit.o(.ARM.Collect$$libinit$$00000000) refers (Special) to libinit2.o(.ARM.Collect$$libinit$$0000000E) for __rt_lib_init_rand_1
    libinit.o(.ARM.Collect$$libinit$$00000000) refers (Special) to libinit2.o(.ARM.Collect$$libinit$$00000033) for __rt_lib_init_return
    libinit.o(.ARM.Collect$$libinit$$00000000) refers (Special) to libinit2.o(.ARM.Collect$$libinit$$0000001D) for __rt_lib_init_signal_1
    libinit.o(.ARM.Collect$$libinit$$00000000) refers (Special) to libinit2.o(.ARM.Collect$$libinit$$00000025) for __rt_lib_init_stdio_1
    libinit.o(.ARM.Collect$$libinit$$00000000) refers (Special) to libinit2.o(.ARM.Collect$$libinit$$0000000C) for __rt_lib_init_user_alloc_1
    retnan.o(x$fpl$retnan) refers (Special) to usenofp.o(x$fpl$usenofp) for __I$use$fp
    retnan.o(x$fpl$retnan) refers to trapv.o(x$fpl$trapveneer) for __fpl_cmpreturn
    rtexit.o(.ARM.Collect$$rtexit$$00000000) refers (Special) to rtexit2.o(.ARM.Collect$$rtexit$$00000004) for __rt_exit_exit
    rtexit.o(.ARM.Collect$$rtexit$$00000000) refers (Special) to rtexit2.o(.ARM.Collect$$rtexit$$00000003) for __rt_exit_ls
    rtexit.o(.ARM.Collect$$rtexit$$00000000) refers (Special) to rtexit2.o(.ARM.Collect$$rtexit$$00000002) for __rt_exit_prels_1
    rtexit.o(.ARM.exidx) refers (Special) to rtexit2.o(.ARM.Collect$$rtexit$$00000004) for __rt_exit_exit
    rtexit.o(.ARM.exidx) refers (Special) to rtexit2.o(.ARM.Collect$$rtexit$$00000003) for __rt_exit_ls
    rtexit.o(.ARM.exidx) refers (Special) to rtexit2.o(.ARM.Collect$$rtexit$$00000002) for __rt_exit_prels_1
    rtexit.o(.ARM.exidx) refers to rtexit.o(.ARM.Collect$$rtexit$$00000000) for .ARM.Collect$$rtexit$$00000000
    rt_raise.o(.text) refers to __raise.o(.text) for __raise
    rt_raise.o(.text) refers to sys_exit.o(.text) for _sys_exit
    defsig_exit.o(.text) refers to sys_exit.o(.text) for _sys_exit
    defsig_fpe_inner.o(.text) refers to defsig_general.o(.text) for __default_signal_display
    libinit2.o(.ARM.Collect$$libinit$$00000010) refers to libinit2.o(.ARM.Collect$$libinit$$0000000F) for .ARM.Collect$$libinit$$0000000F
    libinit2.o(.ARM.Collect$$libinit$$00000012) refers to libinit2.o(.ARM.Collect$$libinit$$0000000F) for .ARM.Collect$$libinit$$0000000F
    libinit2.o(.ARM.Collect$$libinit$$00000014) refers to libinit2.o(.ARM.Collect$$libinit$$0000000F) for .ARM.Collect$$libinit$$0000000F
    libinit2.o(.ARM.Collect$$libinit$$00000016) refers to libinit2.o(.ARM.Collect$$libinit$$0000000F) for .ARM.Collect$$libinit$$0000000F
    libinit2.o(.ARM.Collect$$libinit$$00000018) refers to libinit2.o(.ARM.Collect$$libinit$$0000000F) for .ARM.Collect$$libinit$$0000000F
    libinit2.o(.ARM.Collect$$libinit$$00000026) refers to argv_veneer.o(.emb_text) for __ARM_argv_veneer
    libinit2.o(.ARM.Collect$$libinit$$00000027) refers to argv_veneer.o(.emb_text) for __ARM_argv_veneer
    trapv.o(x$fpl$trapveneer) refers (Special) to usenofp.o(x$fpl$usenofp) for __I$use$fp
    sys_exit.o(.text) refers (Special) to use_no_semi.o(.text) for __I$use$semihosting
    sys_exit.o(.text) refers (Special) to indicate_semi.o(.text) for __semihosting_library_function
    rtexit2.o(.ARM.Collect$$rtexit$$00000003) refers to libshutdown.o(.ARM.Collect$$libshutdown$$00000000) for __rt_lib_shutdown
    rtexit2.o(.ARM.Collect$$rtexit$$00000004) refers to sys_exit.o(.text) for _sys_exit
    rtexit2.o(.ARM.exidx) refers to rtexit2.o(.ARM.Collect$$rtexit$$00000001) for .ARM.Collect$$rtexit$$00000001
    rtexit2.o(.ARM.exidx) refers to rtexit2.o(.ARM.Collect$$rtexit$$00000003) for .ARM.Collect$$rtexit$$00000003
    rtexit2.o(.ARM.exidx) refers to rtexit2.o(.ARM.Collect$$rtexit$$00000004) for .ARM.Collect$$rtexit$$00000004
    __raise.o(.text) refers to defsig.o(CL$$defsig) for __default_signal_handler
    defsig_general.o(.text) refers to sys_wrch.o(.text) for _ttywrch
    argv_veneer.o(.emb_text) refers to no_argv.o(.text) for __ARM_get_argv
    sys_wrch.o(.text) refers (Special) to use_no_semi.o(.text) for __I$use$semihosting
    sys_wrch.o(.text) refers (Special) to indicate_semi.o(.text) for __semihosting_library_function
    defsig.o(CL$$defsig) refers to defsig_fpe_inner.o(.text) for __rt_SIGFPE_inner
    defsig.o(CL$$defsig) refers to defsig_rtmem_inner.o(.text) for __rt_SIGRTMEM_inner
    _get_argv_nomalloc.o(.text) refers (Special) to hrguard.o(.text) for __heap_region$guard
    _get_argv_nomalloc.o(.text) refers to defsig_rtmem_outer.o(.text) for __rt_SIGRTMEM
    _get_argv_nomalloc.o(.text) refers to sys_command.o(.text) for _sys_command_string
    libshutdown.o(.ARM.Collect$$libshutdown$$00000000) refers (Special) to libshutdown2.o(.ARM.Collect$$libshutdown$$00000002) for __rt_lib_shutdown_cpp_1
    libshutdown.o(.ARM.Collect$$libshutdown$$00000000) refers (Special) to libshutdown2.o(.ARM.Collect$$libshutdown$$00000007) for __rt_lib_shutdown_fp_trap_1
    libshutdown.o(.ARM.Collect$$libshutdown$$00000000) refers (Special) to libshutdown2.o(.ARM.Collect$$libshutdown$$0000000F) for __rt_lib_shutdown_heap_1
    libshutdown.o(.ARM.Collect$$libshutdown$$00000000) refers (Special) to libshutdown2.o(.ARM.Collect$$libshutdown$$00000010) for __rt_lib_shutdown_return
    libshutdown.o(.ARM.Collect$$libshutdown$$00000000) refers (Special) to libshutdown2.o(.ARM.Collect$$libshutdown$$0000000A) for __rt_lib_shutdown_signal_1
    libshutdown.o(.ARM.Collect$$libshutdown$$00000000) refers (Special) to libshutdown2.o(.ARM.Collect$$libshutdown$$00000004) for __rt_lib_shutdown_stdio_1
    libshutdown.o(.ARM.Collect$$libshutdown$$00000000) refers (Special) to libshutdown2.o(.ARM.Collect$$libshutdown$$0000000C) for __rt_lib_shutdown_user_alloc_1
    sys_command.o(.text) refers (Special) to use_no_semi.o(.text) for __I$use$semihosting
    sys_command.o(.text) refers (Special) to indicate_semi.o(.text) for __semihosting_library_function
    defsig_abrt_inner.o(.text) refers to defsig_general.o(.text) for __default_signal_display
    defsig_rtred_inner.o(.text) refers to defsig_general.o(.text) for __default_signal_display
    defsig_rtmem_inner.o(.text) refers to defsig_general.o(.text) for __default_signal_display
    defsig_rtmem_outer.o(.text) refers to defsig_rtmem_inner.o(.text) for __rt_SIGRTMEM_inner
    defsig_rtmem_outer.o(.text) refers to defsig_exit.o(.text) for __sig_exit
    defsig_rtmem_formal.o(.text) refers to rt_raise.o(.text) for __rt_raise
    defsig_stak_inner.o(.text) refers to defsig_general.o(.text) for __default_signal_display
    defsig_pvfn_inner.o(.text) refers to defsig_general.o(.text) for __default_signal_display
    defsig_cppl_inner.o(.text) refers to defsig_general.o(.text) for __default_signal_display
    defsig_segv_inner.o(.text) refers to defsig_general.o(.text) for __default_signal_display
    defsig_other.o(.text) refers to defsig_general.o(.text) for __default_signal_display


==============================================================================

Removing Unused input sections from the image.

    Removing 24l01.o(.constdata), (10 bytes).
    Removing uapp_comm.o(.data), (13 bytes).
    Removing uapp_can.o(.bss), (48 bytes).
    Removing basicmathfunctions.o(.rev16_text), (4 bytes).
    Removing basicmathfunctions.o(.revsh_text), (4 bytes).
    Removing basicmathfunctions.o(.rrx_text), (6 bytes).
    Removing basicmathfunctions.o(.text), (1872 bytes).
    Removing bayesfunctions.o(.rev16_text), (4 bytes).
    Removing bayesfunctions.o(.revsh_text), (4 bytes).
    Removing bayesfunctions.o(.rrx_text), (6 bytes).
    Removing bayesfunctions.o(.text), (252 bytes).
    Removing commontables.o(.rev16_text), (4 bytes).
    Removing commontables.o(.revsh_text), (4 bytes).
    Removing commontables.o(.rrx_text), (6 bytes).
    Removing commontables.o(.constdata), (920372 bytes).
    Removing complexmathfunctions.o(.rev16_text), (4 bytes).
    Removing complexmathfunctions.o(.revsh_text), (4 bytes).
    Removing complexmathfunctions.o(.rrx_text), (6 bytes).
    Removing complexmathfunctions.o(.text), (1436 bytes).
    Removing controllerfunctions.o(.rev16_text), (4 bytes).
    Removing controllerfunctions.o(.revsh_text), (4 bytes).
    Removing controllerfunctions.o(.rrx_text), (6 bytes).
    Removing controllerfunctions.o(.text), (1496 bytes).
    Removing distancefunctions.o(.rev16_text), (4 bytes).
    Removing distancefunctions.o(.revsh_text), (4 bytes).
    Removing distancefunctions.o(.rrx_text), (6 bytes).
    Removing distancefunctions.o(.text), (2892 bytes).
    Removing fastmathfunctions.o(.rev16_text), (4 bytes).
    Removing fastmathfunctions.o(.revsh_text), (4 bytes).
    Removing fastmathfunctions.o(.rrx_text), (6 bytes).
    Removing fastmathfunctions.o(.text), (1260 bytes).
    Removing filteringfunctions.o(.rev16_text), (4 bytes).
    Removing filteringfunctions.o(.revsh_text), (4 bytes).
    Removing filteringfunctions.o(.rrx_text), (6 bytes).
    Removing filteringfunctions.o(.text), (36434 bytes).
    Removing matrixfunctions.o(.rev16_text), (4 bytes).
    Removing matrixfunctions.o(.revsh_text), (4 bytes).
    Removing matrixfunctions.o(.rrx_text), (6 bytes).
    Removing matrixfunctions.o(.text), (4780 bytes).
    Removing svmfunctions.o(.rev16_text), (4 bytes).
    Removing svmfunctions.o(.revsh_text), (4 bytes).
    Removing svmfunctions.o(.rrx_text), (6 bytes).
    Removing svmfunctions.o(.text), (732 bytes).
    Removing statisticsfunctions.o(.rev16_text), (4 bytes).
    Removing statisticsfunctions.o(.revsh_text), (4 bytes).
    Removing statisticsfunctions.o(.rrx_text), (6 bytes).
    Removing statisticsfunctions.o(.text), (2310 bytes).
    Removing supportfunctions.o(.rev16_text), (4 bytes).
    Removing supportfunctions.o(.revsh_text), (4 bytes).
    Removing supportfunctions.o(.rrx_text), (6 bytes).
    Removing supportfunctions.o(.text), (3312 bytes).
    Removing transformfunctions.o(.rev16_text), (4 bytes).
    Removing transformfunctions.o(.revsh_text), (4 bytes).
    Removing transformfunctions.o(.rrx_text), (6 bytes).
    Removing transformfunctions.o(.text), (34704 bytes).
    Removing system_stm32f10x.o(.rev16_text), (4 bytes).
    Removing system_stm32f10x.o(.revsh_text), (4 bytes).
    Removing system_stm32f10x.o(.rrx_text), (6 bytes).

58 unused section(s) (total 1012119 bytes) removed from the image.

==============================================================================

Image Symbol Table

    Local Symbols

    Symbol Name                              Value     Ov Type        Size  Object(Section)

    ../clib/angel/boardlib.s                 0x00000000   Number         0  boardshut.o ABSOLUTE
    ../clib/angel/boardlib.s                 0x00000000   Number         0  boardinit3.o ABSOLUTE
    ../clib/angel/boardlib.s                 0x00000000   Number         0  boardinit2.o ABSOLUTE
    ../clib/angel/boardlib.s                 0x00000000   Number         0  boardinit1.o ABSOLUTE
    ../clib/angel/handlers.s                 0x00000000   Number         0  __scatter_zi.o ABSOLUTE
    ../clib/angel/handlers.s                 0x00000000   Number         0  __scatter_copy.o ABSOLUTE
    ../clib/angel/kernel.s                   0x00000000   Number         0  __rtentry.o ABSOLUTE
    ../clib/angel/kernel.s                   0x00000000   Number         0  rtexit2.o ABSOLUTE
    ../clib/angel/kernel.s                   0x00000000   Number         0  rtexit.o ABSOLUTE
    ../clib/angel/kernel.s                   0x00000000   Number         0  __rtentry2.o ABSOLUTE
    ../clib/angel/kernel.s                   0x00000000   Number         0  __rtentry4.o ABSOLUTE
    ../clib/angel/rt.s                       0x00000000   Number         0  rt_errno_addr.o ABSOLUTE
    ../clib/angel/rt.s                       0x00000000   Number         0  rt_raise.o ABSOLUTE
    ../clib/angel/rt.s                       0x00000000   Number         0  aeabi_ldiv0.o ABSOLUTE
    ../clib/angel/rt.s                       0x00000000   Number         0  aeabi_ldiv0_sigfpe.o ABSOLUTE
    ../clib/angel/rt.s                       0x00000000   Number         0  rt_errno_addr_intlibspace.o ABSOLUTE
    ../clib/angel/rt.s                       0x00000000   Number         0  rt_div0.o ABSOLUTE
    ../clib/angel/scatter.s                  0x00000000   Number         0  __scatter.o ABSOLUTE
    ../clib/angel/startup.s                  0x00000000   Number         0  __main.o ABSOLUTE
    ../clib/angel/sys.s                      0x00000000   Number         0  libspace.o ABSOLUTE
    ../clib/angel/sys.s                      0x00000000   Number         0  sys_stackheap_outer.o ABSOLUTE
    ../clib/angel/sys.s                      0x00000000   Number         0  use_no_semi.o ABSOLUTE
    ../clib/angel/sys.s                      0x00000000   Number         0  indicate_semi.o ABSOLUTE
    ../clib/angel/sysapp.c                   0x00000000   Number         0  sys_command.o ABSOLUTE
    ../clib/angel/sysapp.c                   0x00000000   Number         0  sys_wrch.o ABSOLUTE
    ../clib/angel/sysapp.c                   0x00000000   Number         0  sys_exit.o ABSOLUTE
    ../clib/armsys.c                         0x00000000   Number         0  no_argv.o ABSOLUTE
    ../clib/armsys.c                         0x00000000   Number         0  _get_argv_nomalloc.o ABSOLUTE
    ../clib/armsys.c                         0x00000000   Number         0  argv_veneer.o ABSOLUTE
    ../clib/armsys.c                         0x00000000   Number         0  argv_veneer.o ABSOLUTE
    ../clib/fenv.c                           0x00000000   Number         0  _rserrno.o ABSOLUTE
    ../clib/heapalloc.c                      0x00000000   Number         0  hrguard.o ABSOLUTE
    ../clib/heapaux.c                        0x00000000   Number         0  heapauxi.o ABSOLUTE
    ../clib/libinit.s                        0x00000000   Number         0  libshutdown.o ABSOLUTE
    ../clib/libinit.s                        0x00000000   Number         0  libinit.o ABSOLUTE
    ../clib/libinit.s                        0x00000000   Number         0  libshutdown2.o ABSOLUTE
    ../clib/libinit.s                        0x00000000   Number         0  libinit2.o ABSOLUTE
    ../clib/longlong.s                       0x00000000   Number         0  llshl.o ABSOLUTE
    ../clib/longlong.s                       0x00000000   Number         0  llsshr.o ABSOLUTE
    ../clib/longlong.s                       0x00000000   Number         0  llsdiv.o ABSOLUTE
    ../clib/longlong.s                       0x00000000   Number         0  lludivv7m.o ABSOLUTE
    ../clib/memcpset.s                       0x00000000   Number         0  rt_memclr_w.o ABSOLUTE
    ../clib/memcpset.s                       0x00000000   Number         0  rt_memcpy_v6.o ABSOLUTE
    ../clib/memcpset.s                       0x00000000   Number         0  rt_memcpy_w.o ABSOLUTE
    ../clib/memcpset.s                       0x00000000   Number         0  rt_memclr.o ABSOLUTE
    ../clib/signal.c                         0x00000000   Number         0  defsig_fpe_outer.o ABSOLUTE
    ../clib/signal.c                         0x00000000   Number         0  defsig_fpe_formal.o ABSOLUTE
    ../clib/signal.c                         0x00000000   Number         0  defsig_general.o ABSOLUTE
    ../clib/signal.c                         0x00000000   Number         0  defsig_stak_inner.o ABSOLUTE
    ../clib/signal.c                         0x00000000   Number         0  __raise.o ABSOLUTE
    ../clib/signal.c                         0x00000000   Number         0  defsig_exit.o ABSOLUTE
    ../clib/signal.c                         0x00000000   Number         0  defsig_fpe_inner.o ABSOLUTE
    ../clib/signal.c                         0x00000000   Number         0  defsig_rtred_inner.o ABSOLUTE
    ../clib/signal.c                         0x00000000   Number         0  defsig_abrt_inner.o ABSOLUTE
    ../clib/signal.c                         0x00000000   Number         0  defsig_rtmem_inner.o ABSOLUTE
    ../clib/signal.c                         0x00000000   Number         0  defsig_pvfn_inner.o ABSOLUTE
    ../clib/signal.c                         0x00000000   Number         0  defsig_cppl_inner.o ABSOLUTE
    ../clib/signal.c                         0x00000000   Number         0  defsig_segv_inner.o ABSOLUTE
    ../clib/signal.c                         0x00000000   Number         0  defsig_other.o ABSOLUTE
    ../clib/signal.c                         0x00000000   Number         0  defsig_rtmem_outer.o ABSOLUTE
    ../clib/signal.c                         0x00000000   Number         0  defsig_rtmem_formal.o ABSOLUTE
    ../clib/signal.s                         0x00000000   Number         0  defsig.o ABSOLUTE
    ../clib/stdlib.c                         0x00000000   Number         0  exit.o ABSOLUTE
    ../fplib/d2f.s                           0x00000000   Number         0  d2f.o ABSOLUTE
    ../fplib/daddsub.s                       0x00000000   Number         0  daddsub_clz.o ABSOLUTE
    ../fplib/dcheck1.s                       0x00000000   Number         0  dcheck1.o ABSOLUTE
    ../fplib/dcmpi.s                         0x00000000   Number         0  dcmpi.o ABSOLUTE
    ../fplib/ddiv.s                          0x00000000   Number         0  ddiv.o ABSOLUTE
    ../fplib/deqf.s                          0x00000000   Number         0  deqf.o ABSOLUTE
    ../fplib/dflt.s                          0x00000000   Number         0  dflt_clz.o ABSOLUTE
    ../fplib/dmul.s                          0x00000000   Number         0  dmul.o ABSOLUTE
    ../fplib/dnaninf.s                       0x00000000   Number         0  dnaninf.o ABSOLUTE
    ../fplib/dretinf.s                       0x00000000   Number         0  dretinf.o ABSOLUTE
    ../fplib/f2d.s                           0x00000000   Number         0  f2d.o ABSOLUTE
    ../fplib/faddsub.s                       0x00000000   Number         0  faddsub_clz.o ABSOLUTE
    ../fplib/fcheck1.s                       0x00000000   Number         0  fcheck1.o ABSOLUTE
    ../fplib/fcmpi.s                         0x00000000   Number         0  fcmpi.o ABSOLUTE
    ../fplib/fdiv.s                          0x00000000   Number         0  fdiv.o ABSOLUTE
    ../fplib/feqf.s                          0x00000000   Number         0  feqf.o ABSOLUTE
    ../fplib/ffix.s                          0x00000000   Number         0  ffix.o ABSOLUTE
    ../fplib/ffixll.s                        0x00000000   Number         0  ffixll.o ABSOLUTE
    ../fplib/ffixu.s                         0x00000000   Number         0  ffixu.o ABSOLUTE
    ../fplib/fflt.s                          0x00000000   Number         0  fflt_clz.o ABSOLUTE
    ../fplib/fleqf.s                         0x00000000   Number         0  fleqf.o ABSOLUTE
    ../fplib/fmul.s                          0x00000000   Number         0  fmul.o ABSOLUTE
    ../fplib/fnaninf.s                       0x00000000   Number         0  fnaninf.o ABSOLUTE
    ../fplib/fpinit.s                        0x00000000   Number         0  fpinit.o ABSOLUTE
    ../fplib/fretinf.s                       0x00000000   Number         0  fretinf.o ABSOLUTE
    ../fplib/frleqf.s                        0x00000000   Number         0  frleqf.o ABSOLUTE
    ../fplib/frnd.s                          0x00000000   Number         0  frnd.o ABSOLUTE
    ../fplib/fsqrt.s                         0x00000000   Number         0  fsqrt.o ABSOLUTE
    ../fplib/istatus.s                       0x00000000   Number         0  istatus.o ABSOLUTE
    ../fplib/retnan.s                        0x00000000   Number         0  retnan.o ABSOLUTE
    ../fplib/scalbn.s                        0x00000000   Number         0  scalbn.o ABSOLUTE
    ../fplib/scalbnf.s                       0x00000000   Number         0  scalbnf.o ABSOLUTE
    ../fplib/trapv.s                         0x00000000   Number         0  trapv.o ABSOLUTE
    ../fplib/usenofp.s                       0x00000000   Number         0  usenofp.o ABSOLUTE
    ../mathlib/dunder.c                      0x00000000   Number         0  dunder.o ABSOLUTE
    ../mathlib/expf.c                        0x00000000   Number         0  expf.o ABSOLUTE
    ../mathlib/expf.c                        0x00000000   Number         0  expf_x.o ABSOLUTE
    ../mathlib/fpclassifyf.c                 0x00000000   Number         0  fpclassifyf.o ABSOLUTE
    ../mathlib/funder.c                      0x00000000   Number         0  funder.o ABSOLUTE
    ../mathlib/log.c                         0x00000000   Number         0  log_x.o ABSOLUTE
    ../mathlib/log.c                         0x00000000   Number         0  log.o ABSOLUTE
    ../mathlib/logf.c                        0x00000000   Number         0  logf.o ABSOLUTE
    ../mathlib/logf.c                        0x00000000   Number         0  logf_x.o ABSOLUTE
    ../mathlib/poly.c                        0x00000000   Number         0  poly.o ABSOLUTE
    ../mathlib/powf.c                        0x00000000   Number         0  powf_x.o ABSOLUTE
    ../mathlib/powf.c                        0x00000000   Number         0  powf.o ABSOLUTE
    ../mathlib/qnan.c                        0x00000000   Number         0  qnan.o ABSOLUTE
    ../mathlib/sqrtf.c                       0x00000000   Number         0  sqrtf.o ABSOLUTE
    ../mathlib/sqrtf.c                       0x00000000   Number         0  sqrtf_x.o ABSOLUTE
    ../mathlib/tanhf.c                       0x00000000   Number         0  tanhf.o ABSOLUTE
    ../mathlib/tanhf.c                       0x00000000   Number         0  tanhf_x.o ABSOLUTE
    C:\Keil_v5\ARM\PACK\ARM\CMSIS\5.7.0\CMSIS\DSP\Source\BasicMathFunctions\BasicMathFunctions.c 0x00000000   Number         0  basicmathfunctions.o ABSOLUTE
    C:\Keil_v5\ARM\PACK\ARM\CMSIS\5.7.0\CMSIS\DSP\Source\BayesFunctions\BayesFunctions.c 0x00000000   Number         0  bayesfunctions.o ABSOLUTE
    C:\Keil_v5\ARM\PACK\ARM\CMSIS\5.7.0\CMSIS\DSP\Source\CommonTables\CommonTables.c 0x00000000   Number         0  commontables.o ABSOLUTE
    C:\Keil_v5\ARM\PACK\ARM\CMSIS\5.7.0\CMSIS\DSP\Source\ComplexMathFunctions\ComplexMathFunctions.c 0x00000000   Number         0  complexmathfunctions.o ABSOLUTE
    C:\Keil_v5\ARM\PACK\ARM\CMSIS\5.7.0\CMSIS\DSP\Source\ControllerFunctions\ControllerFunctions.c 0x00000000   Number         0  controllerfunctions.o ABSOLUTE
    C:\Keil_v5\ARM\PACK\ARM\CMSIS\5.7.0\CMSIS\DSP\Source\DistanceFunctions\DistanceFunctions.c 0x00000000   Number         0  distancefunctions.o ABSOLUTE
    C:\Keil_v5\ARM\PACK\ARM\CMSIS\5.7.0\CMSIS\DSP\Source\FastMathFunctions\FastMathFunctions.c 0x00000000   Number         0  fastmathfunctions.o ABSOLUTE
    C:\Keil_v5\ARM\PACK\ARM\CMSIS\5.7.0\CMSIS\DSP\Source\FilteringFunctions\FilteringFunctions.c 0x00000000   Number         0  filteringfunctions.o ABSOLUTE
    C:\Keil_v5\ARM\PACK\ARM\CMSIS\5.7.0\CMSIS\DSP\Source\MatrixFunctions\MatrixFunctions.c 0x00000000   Number         0  matrixfunctions.o ABSOLUTE
    C:\Keil_v5\ARM\PACK\ARM\CMSIS\5.7.0\CMSIS\DSP\Source\SVMFunctions\SVMFunctions.c 0x00000000   Number         0  svmfunctions.o ABSOLUTE
    C:\Keil_v5\ARM\PACK\ARM\CMSIS\5.7.0\CMSIS\DSP\Source\StatisticsFunctions\StatisticsFunctions.c 0x00000000   Number         0  statisticsfunctions.o ABSOLUTE
    C:\Keil_v5\ARM\PACK\ARM\CMSIS\5.7.0\CMSIS\DSP\Source\SupportFunctions\SupportFunctions.c 0x00000000   Number         0  supportfunctions.o ABSOLUTE
    C:\Keil_v5\ARM\PACK\ARM\CMSIS\5.7.0\CMSIS\DSP\Source\TransformFunctions\TransformFunctions.c 0x00000000   Number         0  transformfunctions.o ABSOLUTE
    C:\\Keil_v5\\ARM\\PACK\\ARM\\CMSIS\\5.7.0\\CMSIS\\DSP\\Source\\BasicMathFunctions\\BasicMathFunctions.c 0x00000000   Number         0  basicmathfunctions.o ABSOLUTE
    C:\\Keil_v5\\ARM\\PACK\\ARM\\CMSIS\\5.7.0\\CMSIS\\DSP\\Source\\BayesFunctions\\BayesFunctions.c 0x00000000   Number         0  bayesfunctions.o ABSOLUTE
    C:\\Keil_v5\\ARM\\PACK\\ARM\\CMSIS\\5.7.0\\CMSIS\\DSP\\Source\\CommonTables\\CommonTables.c 0x00000000   Number         0  commontables.o ABSOLUTE
    C:\\Keil_v5\\ARM\\PACK\\ARM\\CMSIS\\5.7.0\\CMSIS\\DSP\\Source\\ComplexMathFunctions\\ComplexMathFunctions.c 0x00000000   Number         0  complexmathfunctions.o ABSOLUTE
    C:\\Keil_v5\\ARM\\PACK\\ARM\\CMSIS\\5.7.0\\CMSIS\\DSP\\Source\\ControllerFunctions\\ControllerFunctions.c 0x00000000   Number         0  controllerfunctions.o ABSOLUTE
    C:\\Keil_v5\\ARM\\PACK\\ARM\\CMSIS\\5.7.0\\CMSIS\\DSP\\Source\\DistanceFunctions\\DistanceFunctions.c 0x00000000   Number         0  distancefunctions.o ABSOLUTE
    C:\\Keil_v5\\ARM\\PACK\\ARM\\CMSIS\\5.7.0\\CMSIS\\DSP\\Source\\FastMathFunctions\\FastMathFunctions.c 0x00000000   Number         0  fastmathfunctions.o ABSOLUTE
    C:\\Keil_v5\\ARM\\PACK\\ARM\\CMSIS\\5.7.0\\CMSIS\\DSP\\Source\\FilteringFunctions\\FilteringFunctions.c 0x00000000   Number         0  filteringfunctions.o ABSOLUTE
    C:\\Keil_v5\\ARM\\PACK\\ARM\\CMSIS\\5.7.0\\CMSIS\\DSP\\Source\\MatrixFunctions\\MatrixFunctions.c 0x00000000   Number         0  matrixfunctions.o ABSOLUTE
    C:\\Keil_v5\\ARM\\PACK\\ARM\\CMSIS\\5.7.0\\CMSIS\\DSP\\Source\\SVMFunctions\\SVMFunctions.c 0x00000000   Number         0  svmfunctions.o ABSOLUTE
    C:\\Keil_v5\\ARM\\PACK\\ARM\\CMSIS\\5.7.0\\CMSIS\\DSP\\Source\\StatisticsFunctions\\StatisticsFunctions.c 0x00000000   Number         0  statisticsfunctions.o ABSOLUTE
    C:\\Keil_v5\\ARM\\PACK\\ARM\\CMSIS\\5.7.0\\CMSIS\\DSP\\Source\\SupportFunctions\\SupportFunctions.c 0x00000000   Number         0  supportfunctions.o ABSOLUTE
    C:\\Keil_v5\\ARM\\PACK\\ARM\\CMSIS\\5.7.0\\CMSIS\\DSP\\Source\\TransformFunctions\\TransformFunctions.c 0x00000000   Number         0  transformfunctions.o ABSOLUTE
    HARDWARE\FLASH\stmflash.c                0x00000000   Number         0  stmflash.o ABSOLUTE
    HARDWARE\NRF24L01\24l01.c                0x00000000   Number         0  24l01.o ABSOLUTE
    HARDWARE\SPI\spi.c                       0x00000000   Number         0  spi.o ABSOLUTE
    HARDWARE\TIMER\timer.c                   0x00000000   Number         0  timer.o ABSOLUTE
    RTE\Device\STM32F103VC\startup_stm32f10x_hd.s 0x00000000   Number         0  startup_stm32f10x_hd.o ABSOLUTE
    RTE\Device\STM32F103VC\system_stm32f10x.c 0x00000000   Number         0  system_stm32f10x.o ABSOLUTE
    RTE\\Device\\STM32F103VC\\system_stm32f10x.c 0x00000000   Number         0  system_stm32f10x.o ABSOLUTE
    SYSTEM\\sys\\sys.c                       0x00000000   Number         0  sys.o ABSOLUTE
    SYSTEM\delay\delay.c                     0x00000000   Number         0  delay.o ABSOLUTE
    SYSTEM\sys\sys.c                         0x00000000   Number         0  sys.o ABSOLUTE
    SYSTEM\usart\usart.c                     0x00000000   Number         0  usart.o ABSOLUTE
    USER\APP\UAPP_CAN.c                      0x00000000   Number         0  uapp_can.o ABSOLUTE
    USER\APP\UAPP_Comm.c                     0x00000000   Number         0  uapp_comm.o ABSOLUTE
    USER\TaskMgr\TaskMgr.c                   0x00000000   Number         0  taskmgr.o ABSOLUTE
    USER\main.c                              0x00000000   Number         0  main.o ABSOLUTE
    dc.s                                     0x00000000   Number         0  dc.o ABSOLUTE
    RESET                                    0x08000000   Section      304  startup_stm32f10x_hd.o(RESET)
    !!!main                                  0x08000130   Section        8  __main.o(!!!main)
    !!!scatter                               0x08000138   Section       52  __scatter.o(!!!scatter)
    !!handler_copy                           0x0800016c   Section       26  __scatter_copy.o(!!handler_copy)
    !!handler_zi                             0x08000188   Section       28  __scatter_zi.o(!!handler_zi)
    .ARM.Collect$$libinit$$00000000          0x080001a4   Section        2  libinit.o(.ARM.Collect$$libinit$$00000000)
    .ARM.Collect$$libinit$$00000002          0x080001a6   Section        0  libinit2.o(.ARM.Collect$$libinit$$00000002)
    .ARM.Collect$$libinit$$00000004          0x080001a6   Section        0  libinit2.o(.ARM.Collect$$libinit$$00000004)
    .ARM.Collect$$libinit$$0000000A          0x080001a6   Section        0  libinit2.o(.ARM.Collect$$libinit$$0000000A)
    .ARM.Collect$$libinit$$0000000C          0x080001a6   Section        0  libinit2.o(.ARM.Collect$$libinit$$0000000C)
    .ARM.Collect$$libinit$$0000000E          0x080001a6   Section        0  libinit2.o(.ARM.Collect$$libinit$$0000000E)
    .ARM.Collect$$libinit$$00000011          0x080001a6   Section        0  libinit2.o(.ARM.Collect$$libinit$$00000011)
    .ARM.Collect$$libinit$$00000013          0x080001a6   Section        0  libinit2.o(.ARM.Collect$$libinit$$00000013)
    .ARM.Collect$$libinit$$00000015          0x080001a6   Section        0  libinit2.o(.ARM.Collect$$libinit$$00000015)
    .ARM.Collect$$libinit$$00000017          0x080001a6   Section        0  libinit2.o(.ARM.Collect$$libinit$$00000017)
    .ARM.Collect$$libinit$$00000019          0x080001a6   Section        0  libinit2.o(.ARM.Collect$$libinit$$00000019)
    .ARM.Collect$$libinit$$0000001B          0x080001a6   Section        0  libinit2.o(.ARM.Collect$$libinit$$0000001B)
    .ARM.Collect$$libinit$$0000001D          0x080001a6   Section        0  libinit2.o(.ARM.Collect$$libinit$$0000001D)
    .ARM.Collect$$libinit$$0000001F          0x080001a6   Section        0  libinit2.o(.ARM.Collect$$libinit$$0000001F)
    .ARM.Collect$$libinit$$00000021          0x080001a6   Section        0  libinit2.o(.ARM.Collect$$libinit$$00000021)
    .ARM.Collect$$libinit$$00000023          0x080001a6   Section        0  libinit2.o(.ARM.Collect$$libinit$$00000023)
    .ARM.Collect$$libinit$$00000025          0x080001a6   Section        0  libinit2.o(.ARM.Collect$$libinit$$00000025)
    .ARM.Collect$$libinit$$0000002C          0x080001a6   Section        0  libinit2.o(.ARM.Collect$$libinit$$0000002C)
    .ARM.Collect$$libinit$$0000002E          0x080001a6   Section        0  libinit2.o(.ARM.Collect$$libinit$$0000002E)
    .ARM.Collect$$libinit$$00000030          0x080001a6   Section        0  libinit2.o(.ARM.Collect$$libinit$$00000030)
    .ARM.Collect$$libinit$$00000032          0x080001a6   Section        0  libinit2.o(.ARM.Collect$$libinit$$00000032)
    .ARM.Collect$$libinit$$00000033          0x080001a6   Section        2  libinit2.o(.ARM.Collect$$libinit$$00000033)
    .ARM.Collect$$libshutdown$$00000000      0x080001a8   Section        2  libshutdown.o(.ARM.Collect$$libshutdown$$00000000)
    .ARM.Collect$$libshutdown$$00000002      0x080001aa   Section        0  libshutdown2.o(.ARM.Collect$$libshutdown$$00000002)
    .ARM.Collect$$libshutdown$$00000004      0x080001aa   Section        0  libshutdown2.o(.ARM.Collect$$libshutdown$$00000004)
    .ARM.Collect$$libshutdown$$00000007      0x080001aa   Section        0  libshutdown2.o(.ARM.Collect$$libshutdown$$00000007)
    .ARM.Collect$$libshutdown$$0000000A      0x080001aa   Section        0  libshutdown2.o(.ARM.Collect$$libshutdown$$0000000A)
    .ARM.Collect$$libshutdown$$0000000C      0x080001aa   Section        0  libshutdown2.o(.ARM.Collect$$libshutdown$$0000000C)
    .ARM.Collect$$libshutdown$$0000000F      0x080001aa   Section        0  libshutdown2.o(.ARM.Collect$$libshutdown$$0000000F)
    .ARM.Collect$$libshutdown$$00000010      0x080001aa   Section        2  libshutdown2.o(.ARM.Collect$$libshutdown$$00000010)
    .ARM.Collect$$rtentry$$00000000          0x080001ac   Section        0  __rtentry.o(.ARM.Collect$$rtentry$$00000000)
    .ARM.Collect$$rtentry$$00000002          0x080001ac   Section        0  __rtentry2.o(.ARM.Collect$$rtentry$$00000002)
    .ARM.Collect$$rtentry$$00000004          0x080001ac   Section        6  __rtentry4.o(.ARM.Collect$$rtentry$$00000004)
    .ARM.Collect$$rtentry$$00000009          0x080001b2   Section        0  __rtentry2.o(.ARM.Collect$$rtentry$$00000009)
    .ARM.Collect$$rtentry$$0000000A          0x080001b2   Section        4  __rtentry2.o(.ARM.Collect$$rtentry$$0000000A)
    .ARM.Collect$$rtentry$$0000000C          0x080001b6   Section        0  __rtentry2.o(.ARM.Collect$$rtentry$$0000000C)
    .ARM.Collect$$rtentry$$0000000D          0x080001b6   Section        8  __rtentry2.o(.ARM.Collect$$rtentry$$0000000D)
    .ARM.Collect$$rtexit$$00000000           0x080001be   Section        2  rtexit.o(.ARM.Collect$$rtexit$$00000000)
    .ARM.Collect$$rtexit$$00000002           0x080001c0   Section        0  rtexit2.o(.ARM.Collect$$rtexit$$00000002)
    .ARM.Collect$$rtexit$$00000003           0x080001c0   Section        4  rtexit2.o(.ARM.Collect$$rtexit$$00000003)
    .ARM.Collect$$rtexit$$00000004           0x080001c4   Section        6  rtexit2.o(.ARM.Collect$$rtexit$$00000004)
    .emb_text                                0x080001cc   Section        2  sys.o(.emb_text)
    .text                                    0x080001d0   Section        0  delay.o(.text)
    .text                                    0x08000280   Section        0  sys.o(.text)
    .text                                    0x0800055c   Section        0  usart.o(.text)
    .text                                    0x08000744   Section        0  timer.o(.text)
    .text                                    0x0800084c   Section        0  24l01.o(.text)
    InitArrayBuf                             0x08000903   Thumb Code    88  24l01.o(.text)
    ArrayPutFrame                            0x08000bfd   Thumb Code   140  24l01.o(.text)
    ArrayGetBufCtr                           0x08000ce7   Thumb Code    10  24l01.o(.text)
    ArrayGetFrame                            0x08000cf1   Thumb Code    86  24l01.o(.text)
    .text                                    0x08000ef8   Section        0  spi.o(.text)
    .text                                    0x0800102c   Section        0  stmflash.o(.text)
    .text                                    0x08001358   Section        0  taskmgr.o(.text)
    SysTimer_Operation                       0x08001367   Thumb Code   168  taskmgr.o(.text)
    Timer1_Task4                             0x0800140f   Thumb Code     8  taskmgr.o(.text)
    timer_link                               0x08001417   Thumb Code    84  taskmgr.o(.text)
    timer_unlink                             0x0800146b   Thumb Code    70  taskmgr.o(.text)
    Timer1_Task3                             0x0800152b   Thumb Code    12  taskmgr.o(.text)
    Timer1_Task2                             0x08001537   Thumb Code    12  taskmgr.o(.text)
    Timer1_Task1                             0x08001543   Thumb Code     8  taskmgr.o(.text)
    Timer1_Task0                             0x0800154b   Thumb Code    12  taskmgr.o(.text)
    Timer0_Task1                             0x08001557   Thumb Code     2  taskmgr.o(.text)
    Timer0_Task0                             0x08001559   Thumb Code     2  taskmgr.o(.text)
    timer_cleanup                            0x080016d5   Thumb Code    18  taskmgr.o(.text)
    Timer0_Task2                             0x08001713   Thumb Code     2  taskmgr.o(.text)
    Timer0_Task3                             0x08001715   Thumb Code     2  taskmgr.o(.text)
    Timer0_Task4                             0x08001717   Thumb Code     2  taskmgr.o(.text)
    .text                                    0x08001760   Section        0  main.o(.text)
    .text                                    0x08001790   Section        0  uapp_comm.o(.text)
    _SEND_HartBeat                           0x080018fd   Thumb Code   120  uapp_comm.o(.text)
    .text                                    0x08001c24   Section        0  uapp_can.o(.text)
    _CommWatchDog_TASK                       0x08001c65   Thumb Code    24  uapp_can.o(.text)
    _CommWatchDog_Feed                       0x08001c7d   Thumb Code    12  uapp_can.o(.text)
    .text                                    0x08001ca0   Section       64  startup_stm32f10x_hd.o(.text)
    .text                                    0x08001ce0   Section        0  system_stm32f10x.o(.text)
    SetSysClockTo72                          0x08001ce1   Thumb Code   214  system_stm32f10x.o(.text)
    SetSysClock                              0x08001db7   Thumb Code     8  system_stm32f10x.o(.text)
    .text                                    0x08001ec0   Section      238  lludivv7m.o(.text)
    .text                                    0x08001fae   Section       72  llsdiv.o(.text)
    .text                                    0x08001ff6   Section      138  rt_memcpy_v6.o(.text)
    .text                                    0x08002080   Section      100  rt_memcpy_w.o(.text)
    .text                                    0x080020e4   Section       68  rt_memclr.o(.text)
    .text                                    0x08002128   Section       78  rt_memclr_w.o(.text)
    .text                                    0x08002176   Section        0  heapauxi.o(.text)
    .text                                    0x0800217c   Section        8  libspace.o(.text)
    .text                                    0x08002184   Section       74  sys_stackheap_outer.o(.text)
    .text                                    0x080021ce   Section        0  exit.o(.text)
    .text                                    0x080021e0   Section        0  sys_exit.o(.text)
    .text                                    0x080021ec   Section        2  use_no_semi.o(.text)
    .text                                    0x080021ee   Section        0  indicate_semi.o(.text)
    x$fpl$fadd                               0x080021f0   Section      196  faddsub_clz.o(x$fpl$fadd)
    _fadd1                                   0x080021ff   Thumb Code     0  faddsub_clz.o(x$fpl$fadd)
    x$fpl$fdiv                               0x080022b4   Section      388  fdiv.o(x$fpl$fdiv)
    _fdiv1                                   0x080022b5   Thumb Code     0  fdiv.o(x$fpl$fdiv)
    x$fpl$ffixu                              0x08002438   Section       62  ffixu.o(x$fpl$ffixu)
    x$fpl$ffltu                              0x08002478   Section       38  fflt_clz.o(x$fpl$ffltu)
    x$fpl$fmul                               0x080024a0   Section      258  fmul.o(x$fpl$fmul)
    x$fpl$fnaninf                            0x080025a2   Section      140  fnaninf.o(x$fpl$fnaninf)
    x$fpl$fretinf                            0x0800262e   Section       10  fretinf.o(x$fpl$fretinf)
    x$fpl$frsb                               0x08002638   Section       20  faddsub_clz.o(x$fpl$frsb)
    x$fpl$fsub                               0x0800264c   Section      234  faddsub_clz.o(x$fpl$fsub)
    _fsub1                                   0x0800265b   Thumb Code     0  faddsub_clz.o(x$fpl$fsub)
    x$fpl$usenofp                            0x08002736   Section        0  usenofp.o(x$fpl$usenofp)
    .data                                    0x20000000   Section        4  delay.o(.data)
    fac_us                                   0x20000000   Data           1  delay.o(.data)
    fac_ms                                   0x20000002   Data           2  delay.o(.data)
    .data                                    0x20000004   Section       20  taskmgr.o(.data)
    .data                                    0x20000018   Section       18  uapp_can.o(.data)
    .data                                    0x2000002c   Section       20  system_stm32f10x.o(.data)
    .bss                                     0x20000040   Section      204  usart.o(.bss)
    .bss                                     0x2000010c   Section     8816  24l01.o(.bss)
    .bss                                     0x2000237c   Section     2048  stmflash.o(.bss)
    .bss                                     0x20002b7c   Section      284  taskmgr.o(.bss)
    Usertimer                                0x20002b7c   Data          84  taskmgr.o(.bss)
    .bss                                     0x20002c98   Section      396  uapp_comm.o(.bss)
    .bss                                     0x20002e24   Section       96  libspace.o(.bss)
    HEAP                                     0x20002e88   Section      512  startup_stm32f10x_hd.o(HEAP)
    Heap_Mem                                 0x20002e88   Data         512  startup_stm32f10x_hd.o(HEAP)
    STACK                                    0x20003088   Section     4096  startup_stm32f10x_hd.o(STACK)
    Stack_Mem                                0x20003088   Data        4096  startup_stm32f10x_hd.o(STACK)
    __initial_sp                             0x20004088   Data           0  startup_stm32f10x_hd.o(STACK)

    Global Symbols

    Symbol Name                              Value     Ov Type        Size  Object(Section)

    BuildAttributes$$THM_ISAv4$P$D$K$B$S$PE$A:L22UL41UL21$X:L11$S22US41US21$IEEE1$IW$USESV6$~STKCKD$USESV7$~SHL$OTIME$ROPI$IEEEX$EBA8$UX$STANDARDLIB$REQ8$PRES8$EABIv2 0x00000000   Number         0  anon$$obj.o ABSOLUTE
    __ARM_use_no_argv                        0x00000000   Number         0  main.o ABSOLUTE
    __ARM_exceptions_init                     - Undefined Weak Reference
    __alloca_initialize                       - Undefined Weak Reference
    __arm_preinit_                            - Undefined Weak Reference
    __cpp_initialize__aeabi_                  - Undefined Weak Reference
    __cxa_finalize                            - Undefined Weak Reference
    __rt_locale                               - Undefined Weak Reference
    __sigvec_lookup                           - Undefined Weak Reference
    _atexit_init                              - Undefined Weak Reference
    _call_atexit_fns                          - Undefined Weak Reference
    _clock_init                               - Undefined Weak Reference
    _fp_trap_init                             - Undefined Weak Reference
    _fp_trap_shutdown                         - Undefined Weak Reference
    _get_lc_collate                           - Undefined Weak Reference
    _get_lc_ctype                             - Undefined Weak Reference
    _get_lc_monetary                          - Undefined Weak Reference
    _get_lc_numeric                           - Undefined Weak Reference
    _get_lc_time                              - Undefined Weak Reference
    _getenv_init                              - Undefined Weak Reference
    _handle_redirection                       - Undefined Weak Reference
    _init_alloc                               - Undefined Weak Reference
    _init_user_alloc                          - Undefined Weak Reference
    _initio                                   - Undefined Weak Reference
    _rand_init                                - Undefined Weak Reference
    _signal_finish                            - Undefined Weak Reference
    _signal_init                              - Undefined Weak Reference
    _terminate_alloc                          - Undefined Weak Reference
    _terminate_user_alloc                     - Undefined Weak Reference
    _terminateio                              - Undefined Weak Reference
    __Vectors_Size                           0x00000130   Number         0  startup_stm32f10x_hd.o ABSOLUTE
    __Vectors                                0x08000000   Data           4  startup_stm32f10x_hd.o(RESET)
    __Vectors_End                            0x08000130   Data           0  startup_stm32f10x_hd.o(RESET)
    __main                                   0x08000131   Thumb Code     8  __main.o(!!!main)
    __scatterload                            0x08000139   Thumb Code     0  __scatter.o(!!!scatter)
    __scatterload_rt2                        0x08000139   Thumb Code    44  __scatter.o(!!!scatter)
    __scatterload_rt2_thumb_only             0x08000139   Thumb Code     0  __scatter.o(!!!scatter)
    __scatterload_null                       0x08000147   Thumb Code     0  __scatter.o(!!!scatter)
    __scatterload_copy                       0x0800016d   Thumb Code    26  __scatter_copy.o(!!handler_copy)
    __scatterload_zeroinit                   0x08000189   Thumb Code    28  __scatter_zi.o(!!handler_zi)
    __rt_lib_init                            0x080001a5   Thumb Code     0  libinit.o(.ARM.Collect$$libinit$$00000000)
    __rt_lib_init_alloca_1                   0x080001a7   Thumb Code     0  libinit2.o(.ARM.Collect$$libinit$$0000002E)
    __rt_lib_init_argv_1                     0x080001a7   Thumb Code     0  libinit2.o(.ARM.Collect$$libinit$$0000002C)
    __rt_lib_init_atexit_1                   0x080001a7   Thumb Code     0  libinit2.o(.ARM.Collect$$libinit$$0000001B)
    __rt_lib_init_clock_1                    0x080001a7   Thumb Code     0  libinit2.o(.ARM.Collect$$libinit$$00000021)
    __rt_lib_init_cpp_1                      0x080001a7   Thumb Code     0  libinit2.o(.ARM.Collect$$libinit$$00000032)
    __rt_lib_init_exceptions_1               0x080001a7   Thumb Code     0  libinit2.o(.ARM.Collect$$libinit$$00000030)
    __rt_lib_init_fp_1                       0x080001a7   Thumb Code     0  libinit2.o(.ARM.Collect$$libinit$$00000002)
    __rt_lib_init_fp_trap_1                  0x080001a7   Thumb Code     0  libinit2.o(.ARM.Collect$$libinit$$0000001F)
    __rt_lib_init_getenv_1                   0x080001a7   Thumb Code     0  libinit2.o(.ARM.Collect$$libinit$$00000023)
    __rt_lib_init_heap_1                     0x080001a7   Thumb Code     0  libinit2.o(.ARM.Collect$$libinit$$0000000A)
    __rt_lib_init_lc_collate_1               0x080001a7   Thumb Code     0  libinit2.o(.ARM.Collect$$libinit$$00000011)
    __rt_lib_init_lc_ctype_1                 0x080001a7   Thumb Code     0  libinit2.o(.ARM.Collect$$libinit$$00000013)
    __rt_lib_init_lc_monetary_1              0x080001a7   Thumb Code     0  libinit2.o(.ARM.Collect$$libinit$$00000015)
    __rt_lib_init_lc_numeric_1               0x080001a7   Thumb Code     0  libinit2.o(.ARM.Collect$$libinit$$00000017)
    __rt_lib_init_lc_time_1                  0x080001a7   Thumb Code     0  libinit2.o(.ARM.Collect$$libinit$$00000019)
    __rt_lib_init_preinit_1                  0x080001a7   Thumb Code     0  libinit2.o(.ARM.Collect$$libinit$$00000004)
    __rt_lib_init_rand_1                     0x080001a7   Thumb Code     0  libinit2.o(.ARM.Collect$$libinit$$0000000E)
    __rt_lib_init_return                     0x080001a7   Thumb Code     0  libinit2.o(.ARM.Collect$$libinit$$00000033)
    __rt_lib_init_signal_1                   0x080001a7   Thumb Code     0  libinit2.o(.ARM.Collect$$libinit$$0000001D)
    __rt_lib_init_stdio_1                    0x080001a7   Thumb Code     0  libinit2.o(.ARM.Collect$$libinit$$00000025)
    __rt_lib_init_user_alloc_1               0x080001a7   Thumb Code     0  libinit2.o(.ARM.Collect$$libinit$$0000000C)
    __rt_lib_shutdown                        0x080001a9   Thumb Code     0  libshutdown.o(.ARM.Collect$$libshutdown$$00000000)
    __rt_lib_shutdown_cpp_1                  0x080001ab   Thumb Code     0  libshutdown2.o(.ARM.Collect$$libshutdown$$00000002)
    __rt_lib_shutdown_fp_trap_1              0x080001ab   Thumb Code     0  libshutdown2.o(.ARM.Collect$$libshutdown$$00000007)
    __rt_lib_shutdown_heap_1                 0x080001ab   Thumb Code     0  libshutdown2.o(.ARM.Collect$$libshutdown$$0000000F)
    __rt_lib_shutdown_return                 0x080001ab   Thumb Code     0  libshutdown2.o(.ARM.Collect$$libshutdown$$00000010)
    __rt_lib_shutdown_signal_1               0x080001ab   Thumb Code     0  libshutdown2.o(.ARM.Collect$$libshutdown$$0000000A)
    __rt_lib_shutdown_stdio_1                0x080001ab   Thumb Code     0  libshutdown2.o(.ARM.Collect$$libshutdown$$00000004)
    __rt_lib_shutdown_user_alloc_1           0x080001ab   Thumb Code     0  libshutdown2.o(.ARM.Collect$$libshutdown$$0000000C)
    __rt_entry                               0x080001ad   Thumb Code     0  __rtentry.o(.ARM.Collect$$rtentry$$00000000)
    __rt_entry_presh_1                       0x080001ad   Thumb Code     0  __rtentry2.o(.ARM.Collect$$rtentry$$00000002)
    __rt_entry_sh                            0x080001ad   Thumb Code     0  __rtentry4.o(.ARM.Collect$$rtentry$$00000004)
    __rt_entry_li                            0x080001b3   Thumb Code     0  __rtentry2.o(.ARM.Collect$$rtentry$$0000000A)
    __rt_entry_postsh_1                      0x080001b3   Thumb Code     0  __rtentry2.o(.ARM.Collect$$rtentry$$00000009)
    __rt_entry_main                          0x080001b7   Thumb Code     0  __rtentry2.o(.ARM.Collect$$rtentry$$0000000D)
    __rt_entry_postli_1                      0x080001b7   Thumb Code     0  __rtentry2.o(.ARM.Collect$$rtentry$$0000000C)
    __rt_exit                                0x080001bf   Thumb Code     0  rtexit.o(.ARM.Collect$$rtexit$$00000000)
    __rt_exit_ls                             0x080001c1   Thumb Code     0  rtexit2.o(.ARM.Collect$$rtexit$$00000003)
    __rt_exit_prels_1                        0x080001c1   Thumb Code     0  rtexit2.o(.ARM.Collect$$rtexit$$00000002)
    __rt_exit_exit                           0x080001c5   Thumb Code     0  rtexit2.o(.ARM.Collect$$rtexit$$00000004)
    WFI_SET                                  0x080001cd   Thumb Code     2  sys.o(.emb_text)
    delay_init                               0x080001d1   Thumb Code    56  delay.o(.text)
    delay_ms                                 0x08000209   Thumb Code    56  delay.o(.text)
    delay_us                                 0x08000241   Thumb Code    56  delay.o(.text)
    MY_NVIC_SetVectorTable                   0x08000281   Thumb Code    12  sys.o(.text)
    MY_NVIC_PriorityGroupConfig              0x0800028d   Thumb Code    36  sys.o(.text)
    MY_NVIC_Init                             0x080002b1   Thumb Code   144  sys.o(.text)
    Ex_NVIC_Config                           0x08000341   Thumb Code   146  sys.o(.text)
    MYRCC_DeInit                             0x080003d3   Thumb Code    90  sys.o(.text)
    Sys_Standby                              0x0800042d   Thumb Code    68  sys.o(.text)
    Sys_Soft_Reset                           0x08000471   Thumb Code    12  sys.o(.text)
    JTAG_Set                                 0x0800047d   Thumb Code    42  sys.o(.text)
    Stm32_Clock_Init                         0x080004a7   Thumb Code   134  sys.o(.text)
    USART1_FrameEND                          0x0800055d   Thumb Code    22  usart.o(.text)
    USART1_IRQHandler                        0x08000573   Thumb Code    80  usart.o(.text)
    USART1_Timeout                           0x080005c3   Thumb Code    46  usart.o(.text)
    uart_init                                0x080005f1   Thumb Code   222  usart.o(.text)
    USART1_ReadFrame                         0x080006cf   Thumb Code    38  usart.o(.text)
    USART1_WriteFrame                        0x080006f5   Thumb Code    56  usart.o(.text)
    TIM2_Int_Init                            0x08000745   Thumb Code    58  timer.o(.text)
    TIM2_IRQHandler                          0x0800077f   Thumb Code    36  timer.o(.text)
    TIM4_Clear                               0x080007a3   Thumb Code     6  timer.o(.text)
    TIM4_Enable                              0x080007a9   Thumb Code    44  timer.o(.text)
    TIM4_IRQHandler                          0x080007d5   Thumb Code    42  timer.o(.text)
    TIM4_Init                                0x080007ff   Thumb Code    70  timer.o(.text)
    NRF24L01_Write_Reg                       0x0800084d   Thumb Code    38  24l01.o(.text)
    NRF24L01_Write_Buf                       0x08000873   Thumb Code    56  24l01.o(.text)
    NRF24L01_RX_Mode                         0x080008ab   Thumb Code    88  24l01.o(.text)
    NRF24L01_Read_Buf                        0x0800095b   Thumb Code    56  24l01.o(.text)
    NRF24L01_Check                           0x08000993   Thumb Code    72  24l01.o(.text)
    NRF24L01_Init                            0x080009db   Thumb Code   206  24l01.o(.text)
    NRF24L01_Read_Reg                        0x08000aa9   Thumb Code    36  24l01.o(.text)
    NRF24L01_TX_Mode                         0x08000acd   Thumb Code   102  24l01.o(.text)
    NRF24L01_TxPacket                        0x08000b33   Thumb Code   136  24l01.o(.text)
    NRF24L01_RxPacket                        0x08000bbb   Thumb Code    66  24l01.o(.text)
    EXTI9_5_IRQHandler                       0x08000c89   Thumb Code    44  24l01.o(.text)
    RX_Check_TASK                            0x08000cb5   Thumb Code    24  24l01.o(.text)
    RF_EXTI_Init                             0x08000ccd   Thumb Code    26  24l01.o(.text)
    TASK_NRF24L01_RESET                      0x08000d47   Thumb Code    66  24l01.o(.text)
    TASK_NRF24L01_AutoSend                   0x08000d89   Thumb Code    62  24l01.o(.text)
    NRF24L01_TxWithArray                     0x08000dc7   Thumb Code    42  24l01.o(.text)
    NRF24L01_RxWithArray                     0x08000df1   Thumb Code    36  24l01.o(.text)
    NRF24L01_SignalCount                     0x08000e15   Thumb Code   126  24l01.o(.text)
    NRF24L01_ReadSignal                      0x08000e93   Thumb Code     6  24l01.o(.text)
    NRF24L01_ReadSourAddr                    0x08000e99   Thumb Code     6  24l01.o(.text)
    NRF24L01_ReadTarAddr                     0x08000e9f   Thumb Code     6  24l01.o(.text)
    NRF24L01_ModifyDevID                     0x08000ea5   Thumb Code    22  24l01.o(.text)
    NRF24L01_ClearSignal                     0x08000ebb   Thumb Code    14  24l01.o(.text)
    NRF24L01_ModifyChannel                   0x08000ec9   Thumb Code    10  24l01.o(.text)
    NRF24L01_ModifyTxAddr                    0x08000ed3   Thumb Code     6  24l01.o(.text)
    NRF24L01_ModifyRxAddr                    0x08000ed9   Thumb Code     6  24l01.o(.text)
    NRF24L01_TASK1MS                         0x08000edf   Thumb Code     8  24l01.o(.text)
    SPI2_ReadWriteByte                       0x08000ef9   Thumb Code    82  spi.o(.text)
    SPI2_Init                                0x08000f4b   Thumb Code   166  spi.o(.text)
    SPI2_SetSpeed                            0x08000ff1   Thumb Code    44  spi.o(.text)
    STMFLASH_Unlock                          0x0800102d   Thumb Code    12  stmflash.o(.text)
    STMFLASH_Lock                            0x08001039   Thumb Code    14  stmflash.o(.text)
    STMFLASH_GetStatus                       0x08001047   Thumb Code    38  stmflash.o(.text)
    STMFLASH_WaitDone                        0x0800106d   Thumb Code    42  stmflash.o(.text)
    STMFLASH_ErasePage                       0x08001097   Thumb Code    72  stmflash.o(.text)
    STMFLASH_WriteHalfWord                   0x080010df   Thumb Code    58  stmflash.o(.text)
    STMFLASH_ReadHalfWord                    0x08001119   Thumb Code     6  stmflash.o(.text)
    STMFLASH_Write_NoCheck                   0x0800111f   Thumb Code    38  stmflash.o(.text)
    STMFLASH_Read                            0x08001145   Thumb Code    34  stmflash.o(.text)
    STMFLASH_Write                           0x08001167   Thumb Code   222  stmflash.o(.text)
    STMFLASH_Erase                           0x08001245   Thumb Code   134  stmflash.o(.text)
    Test_Write                               0x080012cb   Thumb Code    16  stmflash.o(.text)
    STMFLASH_WriteNoErase                    0x080012db   Thumb Code   100  stmflash.o(.text)
    CPU_TimerInit                            0x08001359   Thumb Code    14  taskmgr.o(.text)
    timer_start                              0x080014b1   Thumb Code    72  taskmgr.o(.text)
    timer_create                             0x080014f9   Thumb Code    50  taskmgr.o(.text)
    timer_init                               0x0800155b   Thumb Code    68  taskmgr.o(.text)
    SysTask_Create                           0x0800159f   Thumb Code   124  taskmgr.o(.text)
    GetSysTick                               0x0800161b   Thumb Code     6  taskmgr.o(.text)
    GetSysTime                               0x08001621   Thumb Code     6  taskmgr.o(.text)
    timer_task                               0x08001627   Thumb Code   124  taskmgr.o(.text)
    Timer0_IsrHandler                        0x080016a3   Thumb Code    26  taskmgr.o(.text)
    Timer1_IsrHandler                        0x080016bd   Thumb Code    12  taskmgr.o(.text)
    Timer2_IsrHandler                        0x080016c9   Thumb Code    12  taskmgr.o(.text)
    timer_del                                0x080016e7   Thumb Code    22  taskmgr.o(.text)
    timer_cancel                             0x080016fd   Thumb Code    22  taskmgr.o(.text)
    main                                     0x08001761   Thumb Code    48  main.o(.text)
    _SYSPARA_INIT                            0x08001791   Thumb Code    78  uapp_comm.o(.text)
    _UAPP_Comm_INIT                          0x080017df   Thumb Code   128  uapp_comm.o(.text)
    _ChecksumTask                            0x0800185f   Thumb Code    30  uapp_comm.o(.text)
    _FrameChecksum                           0x0800187d   Thumb Code    38  uapp_comm.o(.text)
    _SEND_ACK                                0x080018a3   Thumb Code    90  uapp_comm.o(.text)
    _SET_NewAddr                             0x08001975   Thumb Code    84  uapp_comm.o(.text)
    _Timer_Set                               0x080019c9   Thumb Code    10  uapp_comm.o(.text)
    _ReqConn_Task                            0x080019d3   Thumb Code    84  uapp_comm.o(.text)
    _SetCommFreq_Task                        0x08001a27   Thumb Code    30  uapp_comm.o(.text)
    _Timer_Task                              0x08001a45   Thumb Code   154  uapp_comm.o(.text)
    _CommWatchDog_Feed                       0x08001adf   Thumb Code    14  uapp_comm.o(.text)
    _FrameAnalysis                           0x08001aed   Thumb Code   196  uapp_comm.o(.text)
    _Read_OnlineSta                          0x08001bb1   Thumb Code     8  uapp_comm.o(.text)
    _CommWatchDog_TASK                       0x08001bb9   Thumb Code    68  uapp_comm.o(.text)
    _Comm_TASK1000ms                         0x08001bfd   Thumb Code    12  uapp_comm.o(.text)
    _Comm_TASK1ms                            0x08001c09   Thumb Code     8  uapp_comm.o(.text)
    _Comm_TASK10ms                           0x08001c11   Thumb Code     8  uapp_comm.o(.text)
    _Comm_TASK5ms                            0x08001c19   Thumb Code     8  uapp_comm.o(.text)
    _Rx_ResetDevid                           0x08001c25   Thumb Code    64  uapp_can.o(.text)
    CAN_TASK1ms                              0x08001c89   Thumb Code     2  uapp_can.o(.text)
    CAN_TASK1000ms                           0x08001c8b   Thumb Code     2  uapp_can.o(.text)
    _CAN_TASK10ms                            0x08001c8d   Thumb Code     2  uapp_can.o(.text)
    _CAN_TASK250ms                           0x08001c8f   Thumb Code     2  uapp_can.o(.text)
    Reset_Handler                            0x08001ca1   Thumb Code     8  startup_stm32f10x_hd.o(.text)
    NMI_Handler                              0x08001ca9   Thumb Code     2  startup_stm32f10x_hd.o(.text)
    HardFault_Handler                        0x08001cab   Thumb Code     2  startup_stm32f10x_hd.o(.text)
    MemManage_Handler                        0x08001cad   Thumb Code     2  startup_stm32f10x_hd.o(.text)
    BusFault_Handler                         0x08001caf   Thumb Code     2  startup_stm32f10x_hd.o(.text)
    UsageFault_Handler                       0x08001cb1   Thumb Code     2  startup_stm32f10x_hd.o(.text)
    SVC_Handler                              0x08001cb3   Thumb Code     2  startup_stm32f10x_hd.o(.text)
    DebugMon_Handler                         0x08001cb5   Thumb Code     2  startup_stm32f10x_hd.o(.text)
    PendSV_Handler                           0x08001cb7   Thumb Code     2  startup_stm32f10x_hd.o(.text)
    SysTick_Handler                          0x08001cb9   Thumb Code     2  startup_stm32f10x_hd.o(.text)
    ADC1_2_IRQHandler                        0x08001cbb   Thumb Code     0  startup_stm32f10x_hd.o(.text)
    ADC3_IRQHandler                          0x08001cbb   Thumb Code     0  startup_stm32f10x_hd.o(.text)
    CAN1_RX1_IRQHandler                      0x08001cbb   Thumb Code     0  startup_stm32f10x_hd.o(.text)
    CAN1_SCE_IRQHandler                      0x08001cbb   Thumb Code     0  startup_stm32f10x_hd.o(.text)
    DMA1_Channel1_IRQHandler                 0x08001cbb   Thumb Code     0  startup_stm32f10x_hd.o(.text)
    DMA1_Channel2_IRQHandler                 0x08001cbb   Thumb Code     0  startup_stm32f10x_hd.o(.text)
    DMA1_Channel3_IRQHandler                 0x08001cbb   Thumb Code     0  startup_stm32f10x_hd.o(.text)
    DMA1_Channel4_IRQHandler                 0x08001cbb   Thumb Code     0  startup_stm32f10x_hd.o(.text)
    DMA1_Channel5_IRQHandler                 0x08001cbb   Thumb Code     0  startup_stm32f10x_hd.o(.text)
    DMA1_Channel6_IRQHandler                 0x08001cbb   Thumb Code     0  startup_stm32f10x_hd.o(.text)
    DMA1_Channel7_IRQHandler                 0x08001cbb   Thumb Code     0  startup_stm32f10x_hd.o(.text)
    DMA2_Channel1_IRQHandler                 0x08001cbb   Thumb Code     0  startup_stm32f10x_hd.o(.text)
    DMA2_Channel2_IRQHandler                 0x08001cbb   Thumb Code     0  startup_stm32f10x_hd.o(.text)
    DMA2_Channel3_IRQHandler                 0x08001cbb   Thumb Code     0  startup_stm32f10x_hd.o(.text)
    DMA2_Channel4_5_IRQHandler               0x08001cbb   Thumb Code     0  startup_stm32f10x_hd.o(.text)
    EXTI0_IRQHandler                         0x08001cbb   Thumb Code     0  startup_stm32f10x_hd.o(.text)
    EXTI15_10_IRQHandler                     0x08001cbb   Thumb Code     0  startup_stm32f10x_hd.o(.text)
    EXTI1_IRQHandler                         0x08001cbb   Thumb Code     0  startup_stm32f10x_hd.o(.text)
    EXTI2_IRQHandler                         0x08001cbb   Thumb Code     0  startup_stm32f10x_hd.o(.text)
    EXTI3_IRQHandler                         0x08001cbb   Thumb Code     0  startup_stm32f10x_hd.o(.text)
    EXTI4_IRQHandler                         0x08001cbb   Thumb Code     0  startup_stm32f10x_hd.o(.text)
    FLASH_IRQHandler                         0x08001cbb   Thumb Code     0  startup_stm32f10x_hd.o(.text)
    FSMC_IRQHandler                          0x08001cbb   Thumb Code     0  startup_stm32f10x_hd.o(.text)
    I2C1_ER_IRQHandler                       0x08001cbb   Thumb Code     0  startup_stm32f10x_hd.o(.text)
    I2C1_EV_IRQHandler                       0x08001cbb   Thumb Code     0  startup_stm32f10x_hd.o(.text)
    I2C2_ER_IRQHandler                       0x08001cbb   Thumb Code     0  startup_stm32f10x_hd.o(.text)
    I2C2_EV_IRQHandler                       0x08001cbb   Thumb Code     0  startup_stm32f10x_hd.o(.text)
    PVD_IRQHandler                           0x08001cbb   Thumb Code     0  startup_stm32f10x_hd.o(.text)
    RCC_IRQHandler                           0x08001cbb   Thumb Code     0  startup_stm32f10x_hd.o(.text)
    RTCAlarm_IRQHandler                      0x08001cbb   Thumb Code     0  startup_stm32f10x_hd.o(.text)
    RTC_IRQHandler                           0x08001cbb   Thumb Code     0  startup_stm32f10x_hd.o(.text)
    SDIO_IRQHandler                          0x08001cbb   Thumb Code     0  startup_stm32f10x_hd.o(.text)
    SPI1_IRQHandler                          0x08001cbb   Thumb Code     0  startup_stm32f10x_hd.o(.text)
    SPI2_IRQHandler                          0x08001cbb   Thumb Code     0  startup_stm32f10x_hd.o(.text)
    SPI3_IRQHandler                          0x08001cbb   Thumb Code     0  startup_stm32f10x_hd.o(.text)
    TAMPER_IRQHandler                        0x08001cbb   Thumb Code     0  startup_stm32f10x_hd.o(.text)
    TIM1_BRK_IRQHandler                      0x08001cbb   Thumb Code     0  startup_stm32f10x_hd.o(.text)
    TIM1_CC_IRQHandler                       0x08001cbb   Thumb Code     0  startup_stm32f10x_hd.o(.text)
    TIM1_TRG_COM_IRQHandler                  0x08001cbb   Thumb Code     0  startup_stm32f10x_hd.o(.text)
    TIM1_UP_IRQHandler                       0x08001cbb   Thumb Code     0  startup_stm32f10x_hd.o(.text)
    TIM3_IRQHandler                          0x08001cbb   Thumb Code     0  startup_stm32f10x_hd.o(.text)
    TIM5_IRQHandler                          0x08001cbb   Thumb Code     0  startup_stm32f10x_hd.o(.text)
    TIM6_IRQHandler                          0x08001cbb   Thumb Code     0  startup_stm32f10x_hd.o(.text)
    TIM7_IRQHandler                          0x08001cbb   Thumb Code     0  startup_stm32f10x_hd.o(.text)
    TIM8_BRK_IRQHandler                      0x08001cbb   Thumb Code     0  startup_stm32f10x_hd.o(.text)
    TIM8_CC_IRQHandler                       0x08001cbb   Thumb Code     0  startup_stm32f10x_hd.o(.text)
    TIM8_TRG_COM_IRQHandler                  0x08001cbb   Thumb Code     0  startup_stm32f10x_hd.o(.text)
    TIM8_UP_IRQHandler                       0x08001cbb   Thumb Code     0  startup_stm32f10x_hd.o(.text)
    UART4_IRQHandler                         0x08001cbb   Thumb Code     0  startup_stm32f10x_hd.o(.text)
    UART5_IRQHandler                         0x08001cbb   Thumb Code     0  startup_stm32f10x_hd.o(.text)
    USART2_IRQHandler                        0x08001cbb   Thumb Code     0  startup_stm32f10x_hd.o(.text)
    USART3_IRQHandler                        0x08001cbb   Thumb Code     0  startup_stm32f10x_hd.o(.text)
    USBWakeUp_IRQHandler                     0x08001cbb   Thumb Code     0  startup_stm32f10x_hd.o(.text)
    USB_HP_CAN1_TX_IRQHandler                0x08001cbb   Thumb Code     0  startup_stm32f10x_hd.o(.text)
    USB_LP_CAN1_RX0_IRQHandler               0x08001cbb   Thumb Code     0  startup_stm32f10x_hd.o(.text)
    WWDG_IRQHandler                          0x08001cbb   Thumb Code     0  startup_stm32f10x_hd.o(.text)
    __user_initial_stackheap                 0x08001cbd   Thumb Code     0  startup_stm32f10x_hd.o(.text)
    SystemInit                               0x08001dbf   Thumb Code    78  system_stm32f10x.o(.text)
    SystemCoreClockUpdate                    0x08001e0d   Thumb Code   142  system_stm32f10x.o(.text)
    __aeabi_uldivmod                         0x08001ec1   Thumb Code     0  lludivv7m.o(.text)
    _ll_udiv                                 0x08001ec1   Thumb Code   238  lludivv7m.o(.text)
    __aeabi_ldivmod                          0x08001faf   Thumb Code     0  llsdiv.o(.text)
    _ll_sdiv                                 0x08001faf   Thumb Code    72  llsdiv.o(.text)
    __aeabi_memcpy                           0x08001ff7   Thumb Code     0  rt_memcpy_v6.o(.text)
    __rt_memcpy                              0x08001ff7   Thumb Code   138  rt_memcpy_v6.o(.text)
    _memcpy_lastbytes                        0x0800205d   Thumb Code     0  rt_memcpy_v6.o(.text)
    __aeabi_memcpy4                          0x08002081   Thumb Code     0  rt_memcpy_w.o(.text)
    __aeabi_memcpy8                          0x08002081   Thumb Code     0  rt_memcpy_w.o(.text)
    __rt_memcpy_w                            0x08002081   Thumb Code   100  rt_memcpy_w.o(.text)
    _memcpy_lastbytes_aligned                0x080020c9   Thumb Code     0  rt_memcpy_w.o(.text)
    __aeabi_memclr                           0x080020e5   Thumb Code     0  rt_memclr.o(.text)
    __rt_memclr                              0x080020e5   Thumb Code    68  rt_memclr.o(.text)
    _memset                                  0x080020e9   Thumb Code     0  rt_memclr.o(.text)
    __aeabi_memclr4                          0x08002129   Thumb Code     0  rt_memclr_w.o(.text)
    __aeabi_memclr8                          0x08002129   Thumb Code     0  rt_memclr_w.o(.text)
    __rt_memclr_w                            0x08002129   Thumb Code    78  rt_memclr_w.o(.text)
    _memset_w                                0x0800212d   Thumb Code     0  rt_memclr_w.o(.text)
    __use_two_region_memory                  0x08002177   Thumb Code     2  heapauxi.o(.text)
    __rt_heap_escrow$2region                 0x08002179   Thumb Code     2  heapauxi.o(.text)
    __rt_heap_expand$2region                 0x0800217b   Thumb Code     2  heapauxi.o(.text)
    __user_libspace                          0x0800217d   Thumb Code     8  libspace.o(.text)
    __user_perproc_libspace                  0x0800217d   Thumb Code     0  libspace.o(.text)
    __user_perthread_libspace                0x0800217d   Thumb Code     0  libspace.o(.text)
    __user_setup_stackheap                   0x08002185   Thumb Code    74  sys_stackheap_outer.o(.text)
    exit                                     0x080021cf   Thumb Code    18  exit.o(.text)
    _sys_exit                                0x080021e1   Thumb Code     8  sys_exit.o(.text)
    __I$use$semihosting                      0x080021ed   Thumb Code     0  use_no_semi.o(.text)
    __use_no_semihosting_swi                 0x080021ed   Thumb Code     2  use_no_semi.o(.text)
    __semihosting_library_function           0x080021ef   Thumb Code     0  indicate_semi.o(.text)
    __aeabi_fadd                             0x080021f1   Thumb Code     0  faddsub_clz.o(x$fpl$fadd)
    _fadd                                    0x080021f1   Thumb Code   196  faddsub_clz.o(x$fpl$fadd)
    __aeabi_fdiv                             0x080022b5   Thumb Code     0  fdiv.o(x$fpl$fdiv)
    _fdiv                                    0x080022b5   Thumb Code   384  fdiv.o(x$fpl$fdiv)
    __aeabi_f2uiz                            0x08002439   Thumb Code     0  ffixu.o(x$fpl$ffixu)
    _ffixu                                   0x08002439   Thumb Code    62  ffixu.o(x$fpl$ffixu)
    __aeabi_ui2f                             0x08002479   Thumb Code     0  fflt_clz.o(x$fpl$ffltu)
    _ffltu                                   0x08002479   Thumb Code    38  fflt_clz.o(x$fpl$ffltu)
    __aeabi_fmul                             0x080024a1   Thumb Code     0  fmul.o(x$fpl$fmul)
    _fmul                                    0x080024a1   Thumb Code   258  fmul.o(x$fpl$fmul)
    __fpl_fnaninf                            0x080025a3   Thumb Code   140  fnaninf.o(x$fpl$fnaninf)
    __fpl_fretinf                            0x0800262f   Thumb Code    10  fretinf.o(x$fpl$fretinf)
    __aeabi_frsub                            0x08002639   Thumb Code     0  faddsub_clz.o(x$fpl$frsb)
    _frsb                                    0x08002639   Thumb Code    20  faddsub_clz.o(x$fpl$frsb)
    __aeabi_fsub                             0x0800264d   Thumb Code     0  faddsub_clz.o(x$fpl$fsub)
    _fsub                                    0x0800264d   Thumb Code   234  faddsub_clz.o(x$fpl$fsub)
    __I$use$fp                               0x08002736   Number         0  usenofp.o(x$fpl$usenofp)
    Region$$Table$$Base                      0x08002738   Number         0  anon$$obj.o(Region$$Table)
    Region$$Table$$Limit                     0x08002758   Number         0  anon$$obj.o(Region$$Table)
    SysTimer                                 0x20000004   Data           8  taskmgr.o(.data)
    CpuTimer0                                0x2000000c   Data           4  taskmgr.o(.data)
    CpuTimer1                                0x20000010   Data           4  taskmgr.o(.data)
    CpuTimer2                                0x20000014   Data           4  taskmgr.o(.data)
    HeartBeatData                            0x20000018   Data           6  uapp_can.o(.data)
    FeedBackData                             0x2000001e   Data           6  uapp_can.o(.data)
    CanStatus                                0x20000024   Data           6  uapp_can.o(.data)
    SystemCoreClock                          0x2000002c   Data           4  system_stm32f10x.o(.data)
    AHBPrescTable                            0x20000030   Data          16  system_stm32f10x.o(.data)
    U1ReceiveBuf                             0x20000040   Data         102  usart.o(.bss)
    U1ShadowBuf                              0x200000a6   Data         102  usart.o(.bss)
    TxBufType                                0x2000010c   Data        2928  24l01.o(.bss)
    RxBufType                                0x20000c7c   Data        2928  24l01.o(.bss)
    RetryType                                0x200017ec   Data        2928  24l01.o(.bss)
    Rf24l01Para                              0x2000235c   Data          32  24l01.o(.bss)
    STMFLASH_BUF                             0x2000237c   Data        2048  stmflash.o(.bss)
    timer0_task0                             0x20002bd0   Data          20  taskmgr.o(.bss)
    timer0_task1                             0x20002be4   Data          20  taskmgr.o(.bss)
    timer0_task2                             0x20002bf8   Data          20  taskmgr.o(.bss)
    timer0_task3                             0x20002c0c   Data          20  taskmgr.o(.bss)
    timer0_task4                             0x20002c20   Data          20  taskmgr.o(.bss)
    timer1_task0                             0x20002c34   Data          20  taskmgr.o(.bss)
    timer1_task1                             0x20002c48   Data          20  taskmgr.o(.bss)
    timer1_task2                             0x20002c5c   Data          20  taskmgr.o(.bss)
    timer1_task3                             0x20002c70   Data          20  taskmgr.o(.bss)
    timer1_task4                             0x20002c84   Data          20  taskmgr.o(.bss)
    TmpRxData                                0x20002c98   Data          32  uapp_comm.o(.bss)
    ConnCtrl                                 0x20002cb8   Data         156  uapp_comm.o(.bss)
    UpdataCtrl                               0x20002d54   Data          32  uapp_comm.o(.bss)
    CodeTransCtrl                            0x20002d74   Data          24  uapp_comm.o(.bss)
    BinTransCtrl                             0x20002d8c   Data          24  uapp_comm.o(.bss)
    MEM_Databuf                              0x20002da4   Data         128  uapp_comm.o(.bss)
    __libspace_start                         0x20002e24   Data          96  libspace.o(.bss)
    __temporary_stack_top$libspace           0x20002e84   Data           0  libspace.o(.bss)



==============================================================================

Memory Map of the image

  Image Entry point : 0x08000131

  Load Region LR_IROM1 (Base: 0x08000000, Size: 0x00002798, Max: 0x00006400, ABSOLUTE)

    Execution Region ER_IROM1 (Exec base: 0x08000000, Load base: 0x08000000, Size: 0x00002758, Max: 0x00006400, ABSOLUTE)

    Exec Addr    Load Addr    Size         Type   Attr      Idx    E Section Name        Object

    0x08000000   0x08000000   0x00000130   Data   RO         1687    RESET               startup_stm32f10x_hd.o
    0x08000130   0x08000130   0x00000008   Code   RO         1752  * !!!main             c_w.l(__main.o)
    0x08000138   0x08000138   0x00000034   Code   RO         2106    !!!scatter          c_w.l(__scatter.o)
    0x0800016c   0x0800016c   0x0000001a   Code   RO         2108    !!handler_copy      c_w.l(__scatter_copy.o)
    0x08000186   0x08000186   0x00000002   PAD
    0x08000188   0x08000188   0x0000001c   Code   RO         2110    !!handler_zi        c_w.l(__scatter_zi.o)
    0x080001a4   0x080001a4   0x00000002   Code   RO         1975    .ARM.Collect$$libinit$$00000000  c_w.l(libinit.o)
    0x080001a6   0x080001a6   0x00000000   Code   RO         1987    .ARM.Collect$$libinit$$00000002  c_w.l(libinit2.o)
    0x080001a6   0x080001a6   0x00000000   Code   RO         1989    .ARM.Collect$$libinit$$00000004  c_w.l(libinit2.o)
    0x080001a6   0x080001a6   0x00000000   Code   RO         1992    .ARM.Collect$$libinit$$0000000A  c_w.l(libinit2.o)
    0x080001a6   0x080001a6   0x00000000   Code   RO         1994    .ARM.Collect$$libinit$$0000000C  c_w.l(libinit2.o)
    0x080001a6   0x080001a6   0x00000000   Code   RO         1996    .ARM.Collect$$libinit$$0000000E  c_w.l(libinit2.o)
    0x080001a6   0x080001a6   0x00000000   Code   RO         1999    .ARM.Collect$$libinit$$00000011  c_w.l(libinit2.o)
    0x080001a6   0x080001a6   0x00000000   Code   RO         2001    .ARM.Collect$$libinit$$00000013  c_w.l(libinit2.o)
    0x080001a6   0x080001a6   0x00000000   Code   RO         2003    .ARM.Collect$$libinit$$00000015  c_w.l(libinit2.o)
    0x080001a6   0x080001a6   0x00000000   Code   RO         2005    .ARM.Collect$$libinit$$00000017  c_w.l(libinit2.o)
    0x080001a6   0x080001a6   0x00000000   Code   RO         2007    .ARM.Collect$$libinit$$00000019  c_w.l(libinit2.o)
    0x080001a6   0x080001a6   0x00000000   Code   RO         2009    .ARM.Collect$$libinit$$0000001B  c_w.l(libinit2.o)
    0x080001a6   0x080001a6   0x00000000   Code   RO         2011    .ARM.Collect$$libinit$$0000001D  c_w.l(libinit2.o)
    0x080001a6   0x080001a6   0x00000000   Code   RO         2013    .ARM.Collect$$libinit$$0000001F  c_w.l(libinit2.o)
    0x080001a6   0x080001a6   0x00000000   Code   RO         2015    .ARM.Collect$$libinit$$00000021  c_w.l(libinit2.o)
    0x080001a6   0x080001a6   0x00000000   Code   RO         2017    .ARM.Collect$$libinit$$00000023  c_w.l(libinit2.o)
    0x080001a6   0x080001a6   0x00000000   Code   RO         2019    .ARM.Collect$$libinit$$00000025  c_w.l(libinit2.o)
    0x080001a6   0x080001a6   0x00000000   Code   RO         2023    .ARM.Collect$$libinit$$0000002C  c_w.l(libinit2.o)
    0x080001a6   0x080001a6   0x00000000   Code   RO         2025    .ARM.Collect$$libinit$$0000002E  c_w.l(libinit2.o)
    0x080001a6   0x080001a6   0x00000000   Code   RO         2027    .ARM.Collect$$libinit$$00000030  c_w.l(libinit2.o)
    0x080001a6   0x080001a6   0x00000000   Code   RO         2029    .ARM.Collect$$libinit$$00000032  c_w.l(libinit2.o)
    0x080001a6   0x080001a6   0x00000002   Code   RO         2030    .ARM.Collect$$libinit$$00000033  c_w.l(libinit2.o)
    0x080001a8   0x080001a8   0x00000002   Code   RO         2063    .ARM.Collect$$libshutdown$$00000000  c_w.l(libshutdown.o)
    0x080001aa   0x080001aa   0x00000000   Code   RO         2089    .ARM.Collect$$libshutdown$$00000002  c_w.l(libshutdown2.o)
    0x080001aa   0x080001aa   0x00000000   Code   RO         2091    .ARM.Collect$$libshutdown$$00000004  c_w.l(libshutdown2.o)
    0x080001aa   0x080001aa   0x00000000   Code   RO         2094    .ARM.Collect$$libshutdown$$00000007  c_w.l(libshutdown2.o)
    0x080001aa   0x080001aa   0x00000000   Code   RO         2097    .ARM.Collect$$libshutdown$$0000000A  c_w.l(libshutdown2.o)
    0x080001aa   0x080001aa   0x00000000   Code   RO         2099    .ARM.Collect$$libshutdown$$0000000C  c_w.l(libshutdown2.o)
    0x080001aa   0x080001aa   0x00000000   Code   RO         2102    .ARM.Collect$$libshutdown$$0000000F  c_w.l(libshutdown2.o)
    0x080001aa   0x080001aa   0x00000002   Code   RO         2103    .ARM.Collect$$libshutdown$$00000010  c_w.l(libshutdown2.o)
    0x080001ac   0x080001ac   0x00000000   Code   RO         1870    .ARM.Collect$$rtentry$$00000000  c_w.l(__rtentry.o)
    0x080001ac   0x080001ac   0x00000000   Code   RO         1934    .ARM.Collect$$rtentry$$00000002  c_w.l(__rtentry2.o)
    0x080001ac   0x080001ac   0x00000006   Code   RO         1946    .ARM.Collect$$rtentry$$00000004  c_w.l(__rtentry4.o)
    0x080001b2   0x080001b2   0x00000000   Code   RO         1936    .ARM.Collect$$rtentry$$00000009  c_w.l(__rtentry2.o)
    0x080001b2   0x080001b2   0x00000004   Code   RO         1937    .ARM.Collect$$rtentry$$0000000A  c_w.l(__rtentry2.o)
    0x080001b6   0x080001b6   0x00000000   Code   RO         1939    .ARM.Collect$$rtentry$$0000000C  c_w.l(__rtentry2.o)
    0x080001b6   0x080001b6   0x00000008   Code   RO         1940    .ARM.Collect$$rtentry$$0000000D  c_w.l(__rtentry2.o)
    0x080001be   0x080001be   0x00000002   Code   RO         1978    .ARM.Collect$$rtexit$$00000000  c_w.l(rtexit.o)
    0x080001c0   0x080001c0   0x00000000   Code   RO         2036    .ARM.Collect$$rtexit$$00000002  c_w.l(rtexit2.o)
    0x080001c0   0x080001c0   0x00000004   Code   RO         2037    .ARM.Collect$$rtexit$$00000003  c_w.l(rtexit2.o)
    0x080001c4   0x080001c4   0x00000006   Code   RO         2038    .ARM.Collect$$rtexit$$00000004  c_w.l(rtexit2.o)
    0x080001ca   0x080001ca   0x00000002   PAD
    0x080001cc   0x080001cc   0x00000002   Code   RO           35    .emb_text           sys.o
    0x080001ce   0x080001ce   0x00000002   PAD
    0x080001d0   0x080001d0   0x000000b0   Code   RO            1    .text               delay.o
    0x08000280   0x08000280   0x000002dc   Code   RO           36    .text               sys.o
    0x0800055c   0x0800055c   0x000001e8   Code   RO           55    .text               usart.o
    0x08000744   0x08000744   0x00000108   Code   RO           87    .text               timer.o
    0x0800084c   0x0800084c   0x000006ac   Code   RO          110    .text               24l01.o
    0x08000ef8   0x08000ef8   0x00000134   Code   RO          168    .text               spi.o
    0x0800102c   0x0800102c   0x0000032c   Code   RO          183    .text               stmflash.o
    0x08001358   0x08001358   0x00000408   Code   RO          201    .text               taskmgr.o
    0x08001760   0x08001760   0x00000030   Code   RO          223    .text               main.o
    0x08001790   0x08001790   0x00000494   Code   RO          238    .text               uapp_comm.o
    0x08001c24   0x08001c24   0x0000007c   Code   RO          257    .text               uapp_can.o
    0x08001ca0   0x08001ca0   0x00000040   Code   RO         1688    .text               startup_stm32f10x_hd.o
    0x08001ce0   0x08001ce0   0x000001e0   Code   RO         1695    .text               system_stm32f10x.o
    0x08001ec0   0x08001ec0   0x000000ee   Code   RO         1734    .text               c_w.l(lludivv7m.o)
    0x08001fae   0x08001fae   0x00000048   Code   RO         1740    .text               c_w.l(llsdiv.o)
    0x08001ff6   0x08001ff6   0x0000008a   Code   RO         1742    .text               c_w.l(rt_memcpy_v6.o)
    0x08002080   0x08002080   0x00000064   Code   RO         1744    .text               c_w.l(rt_memcpy_w.o)
    0x080020e4   0x080020e4   0x00000044   Code   RO         1746    .text               c_w.l(rt_memclr.o)
    0x08002128   0x08002128   0x0000004e   Code   RO         1748    .text               c_w.l(rt_memclr_w.o)
    0x08002176   0x08002176   0x00000006   Code   RO         1750    .text               c_w.l(heapauxi.o)
    0x0800217c   0x0800217c   0x00000008   Code   RO         1959    .text               c_w.l(libspace.o)
    0x08002184   0x08002184   0x0000004a   Code   RO         1962    .text               c_w.l(sys_stackheap_outer.o)
    0x080021ce   0x080021ce   0x00000012   Code   RO         1964    .text               c_w.l(exit.o)
    0x080021e0   0x080021e0   0x0000000c   Code   RO         2033    .text               c_w.l(sys_exit.o)
    0x080021ec   0x080021ec   0x00000002   Code   RO         2052    .text               c_w.l(use_no_semi.o)
    0x080021ee   0x080021ee   0x00000000   Code   RO         2054    .text               c_w.l(indicate_semi.o)
    0x080021ee   0x080021ee   0x00000002   PAD
    0x080021f0   0x080021f0   0x000000c4   Code   RO         1778    x$fpl$fadd          fz_ws.l(faddsub_clz.o)
    0x080022b4   0x080022b4   0x00000184   Code   RO         1785    x$fpl$fdiv          fz_ws.l(fdiv.o)
    0x08002438   0x08002438   0x0000003e   Code   RO         1798    x$fpl$ffixu         fz_ws.l(ffixu.o)
    0x08002476   0x08002476   0x00000002   PAD
    0x08002478   0x08002478   0x00000026   Code   RO         1802    x$fpl$ffltu         fz_ws.l(fflt_clz.o)
    0x0800249e   0x0800249e   0x00000002   PAD
    0x080024a0   0x080024a0   0x00000102   Code   RO         1810    x$fpl$fmul          fz_ws.l(fmul.o)
    0x080025a2   0x080025a2   0x0000008c   Code   RO         1885    x$fpl$fnaninf       fz_ws.l(fnaninf.o)
    0x0800262e   0x0800262e   0x0000000a   Code   RO         1887    x$fpl$fretinf       fz_ws.l(fretinf.o)
    0x08002638   0x08002638   0x00000014   Code   RO         1779    x$fpl$frsb          fz_ws.l(faddsub_clz.o)
    0x0800264c   0x0800264c   0x000000ea   Code   RO         1780    x$fpl$fsub          fz_ws.l(faddsub_clz.o)
    0x08002736   0x08002736   0x00000000   Code   RO         1899    x$fpl$usenofp       fz_ws.l(usenofp.o)
    0x08002736   0x08002736   0x00000002   PAD
    0x08002738   0x08002738   0x00000020   Data   RO         2104    Region$$Table       anon$$obj.o


    Execution Region RW_IRAM1 (Exec base: 0x20000000, Load base: 0x08002758, Size: 0x00004088, Max: 0x0000c000, ABSOLUTE)

    Exec Addr    Load Addr    Size         Type   Attr      Idx    E Section Name        Object

    0x20000000   0x08002758   0x00000004   Data   RW            2    .data               delay.o
    0x20000004   0x0800275c   0x00000014   Data   RW          203    .data               taskmgr.o
    0x20000018   0x08002770   0x00000012   Data   RW          259    .data               uapp_can.o
    0x2000002a   0x08002782   0x00000002   PAD
    0x2000002c   0x08002784   0x00000014   Data   RW         1696    .data               system_stm32f10x.o
    0x20000040        -       0x000000cc   Zero   RW           56    .bss                usart.o
    0x2000010c        -       0x00002270   Zero   RW          111    .bss                24l01.o
    0x2000237c        -       0x00000800   Zero   RW          184    .bss                stmflash.o
    0x20002b7c        -       0x0000011c   Zero   RW          202    .bss                taskmgr.o
    0x20002c98        -       0x0000018c   Zero   RW          239    .bss                uapp_comm.o
    0x20002e24        -       0x00000060   Zero   RW         1960    .bss                c_w.l(libspace.o)
    0x20002e84   0x08002798   0x00000004   PAD
    0x20002e88        -       0x00000200   Zero   RW         1686    HEAP                startup_stm32f10x_hd.o
    0x20003088        -       0x00001000   Zero   RW         1685    STACK               startup_stm32f10x_hd.o


==============================================================================

Image component sizes


      Code (inc. data)   RO Data    RW Data    ZI Data      Debug   Object Name

      1708         74          0          0       8816      13024   24l01.o
         0          0          0          0          0       3064   basicmathfunctions.o
       176          8          0          4          0       3699   delay.o
        48          0          0          0          0        459   main.o
       308         16          0          0          0        953   spi.o
        64         26        304          0       4608        840   startup_stm32f10x_hd.o
       812         26          0          0       2048       4960   stmflash.o
       734         48          0          0          0       2827   sys.o
       480         38          0         20          0       1947   system_stm32f10x.o
      1032         72          0         20        284       7332   taskmgr.o
       264          8          0          0          0       1449   timer.o
       124         16          0         18          0       1991   uapp_can.o
      1172         40          0          0        396       8002   uapp_comm.o
       488         24          0          0        204       3050   usart.o

    ----------------------------------------------------------------------
      7412        396        336         64      16356      53597   Object Totals
         0          0         32          0          0          0   (incl. Generated)
         2          0          0          2          0          0   (incl. Padding)

    ----------------------------------------------------------------------

      Code (inc. data)   RO Data    RW Data    ZI Data      Debug   Library Member Name

         8          0          0          0          0         68   __main.o
         0          0          0          0          0          0   __rtentry.o
        12          0          0          0          0          0   __rtentry2.o
         6          0          0          0          0          0   __rtentry4.o
        52          8          0          0          0          0   __scatter.o
        26          0          0          0          0          0   __scatter_copy.o
        28          0          0          0          0          0   __scatter_zi.o
        18          0          0          0          0         80   exit.o
         6          0          0          0          0        152   heapauxi.o
         0          0          0          0          0          0   indicate_semi.o
         2          0          0          0          0          0   libinit.o
         2          0          0          0          0          0   libinit2.o
         2          0          0          0          0          0   libshutdown.o
         2          0          0          0          0          0   libshutdown2.o
         8          4          0          0         96         68   libspace.o
        72          0          0          0          0         76   llsdiv.o
       238          0          0          0          0        100   lludivv7m.o
        68          0          0          0          0         68   rt_memclr.o
        78          0          0          0          0         80   rt_memclr_w.o
       138          0          0          0          0         68   rt_memcpy_v6.o
       100          0          0          0          0         80   rt_memcpy_w.o
         2          0          0          0          0          0   rtexit.o
        10          0          0          0          0          0   rtexit2.o
        12          4          0          0          0         68   sys_exit.o
        74          0          0          0          0         80   sys_stackheap_outer.o
         2          0          0          0          0         68   use_no_semi.o
       450          8          0          0          0        236   faddsub_clz.o
       388         76          0          0          0         96   fdiv.o
        62          4          0          0          0         84   ffixu.o
        38          0          0          0          0         68   fflt_clz.o
       258          4          0          0          0         84   fmul.o
       140          4          0          0          0         84   fnaninf.o
        10          0          0          0          0         68   fretinf.o
         0          0          0          0          0          0   usenofp.o

    ----------------------------------------------------------------------
      2324        112          0          0        100       1776   Library Totals
        12          0          0          0          4          0   (incl. Padding)

    ----------------------------------------------------------------------

      Code (inc. data)   RO Data    RW Data    ZI Data      Debug   Library Name

       966         16          0          0         96       1056   c_w.l
      1346         96          0          0          0        720   fz_ws.l

    ----------------------------------------------------------------------
      2324        112          0          0        100       1776   Library Totals

    ----------------------------------------------------------------------

==============================================================================


      Code (inc. data)   RO Data    RW Data    ZI Data      Debug   

      9736        508        336         64      16456      53393   Grand Totals
      9736        508        336         64      16456      53393   ELF Image Totals
      9736        508        336         64          0          0   ROM Totals

==============================================================================

    Total RO  Size (Code + RO Data)                10072 (   9.84kB)
    Total RW  Size (RW Data + ZI Data)             16520 (  16.13kB)
    Total ROM Size (Code + RO Data + RW Data)      10136 (   9.90kB)

==============================================================================

